E:/Develop/a_PYRo/PYRo-Hero/PYRo/Peripheral/DWT/pyro_dwt_drv.cpp:22:6:static void pyro::dwt_drv_t::init(uint32_t)	16	static
E:/Develop/a_PYRo/PYRo-Hero/PYRo/Peripheral/DWT/pyro_dwt_drv.cpp:47:7:static float pyro::dwt_drv_t::get_delta_t(uint32_t*)	24	static
E:/Develop/a_PYRo/PYRo-Hero/PYRo/Peripheral/DWT/pyro_dwt_drv.cpp:62:8:static double pyro::dwt_drv_t::get_delta_t_64(uint32_t*)	32	static
E:/Develop/a_PYRo/PYRo-Hero/PYRo/Peripheral/DWT/pyro_dwt_drv.cpp:76:6:static void pyro::dwt_drv_t::update_sys_time()	152	static
E:/Develop/a_PYRo/PYRo-Hero/PYRo/Peripheral/DWT/pyro_dwt_drv.cpp:100:7:static float pyro::dwt_drv_t::get_timeline_s()	8	static
E:/Develop/a_PYRo/PYRo-Hero/PYRo/Peripheral/DWT/pyro_dwt_drv.cpp:111:7:static float pyro::dwt_drv_t::get_timeline_ms()	8	static
E:/Develop/a_PYRo/PYRo-Hero/PYRo/Peripheral/DWT/pyro_dwt_drv.cpp:122:10:static uint64_t pyro::dwt_drv_t::get_timeline_us()	96	static
E:/Develop/a_PYRo/PYRo-Hero/PYRo/Peripheral/DWT/pyro_dwt_drv.cpp:133:19:static pyro::dwt_drv_t::time_t pyro::dwt_drv_t::get_timeline()	16	static
E:/Develop/a_PYRo/PYRo-Hero/PYRo/Peripheral/DWT/pyro_dwt_drv.cpp:142:6:static void pyro::dwt_drv_t::update_cycle_count()	16	static
E:/Develop/a_PYRo/PYRo-Hero/PYRo/Peripheral/DWT/pyro_dwt_drv.cpp:155:6:static void pyro::dwt_drv_t::delay_s(float)	24	static
E:/Develop/a_PYRo/PYRo-Hero/PYRo/Peripheral/DWT/pyro_dwt_drv.cpp:170:6:static void pyro::dwt_drv_t::delay_us(uint32_t)	24	static
E:/Develop/a_PYRo/PYRo-Hero/PYRo/Peripheral/DWT/pyro_dwt_drv.cpp:185:10:static uint32_t pyro::dwt_drv_t::get_current_ticks()	4	static
