E:/Develop/a_PYRo/PYRo-Hero/PYRo/Peripheral/CAN/pyro_can_drv.cpp:15:6:void pyro::{anonymous}::abort_pending_tx(FDCAN_HandleTypeDef*)	24	static
E:/Develop/a_PYRo/PYRo-Hero/PYRo/Peripheral/CAN/pyro_can_drv.cpp:25:10:pyro::status_t pyro::{anonymous}::reactivate_can_notifications(FDCAN_HandleTypeDef*)	16	static
E:/Develop/a_PYRo/PYRo-Hero/PYRo/Peripheral/CAN/pyro_can_drv.cpp:33:10:pyro::status_t pyro::{anonymous}::recover_bus_off(FDCAN_HandleTypeDef*)	64	static
E:/Develop/a_PYRo/PYRo-Hero/PYRo/Peripheral/CAN/pyro_can_drv.cpp:62:1:pyro::can_msg_buffer_t::can_msg_buffer_t(uint32_t)	16	static
E:/Develop/a_PYRo/PYRo-Hero/PYRo/Peripheral/CAN/pyro_can_drv.cpp:67:1:pyro::can_msg_buffer_t::~can_msg_buffer_t()	16	static
E:/Develop/a_PYRo/PYRo-Hero/PYRo/Peripheral/CAN/pyro_can_drv.cpp:69:10:uint32_t pyro::can_msg_buffer_t::get_id() const	16	static
E:/Develop/a_PYRo/PYRo-Hero/PYRo/Peripheral/CAN/pyro_can_drv.cpp:74:6:bool pyro::can_msg_buffer_t::is_fresh() const	16	static
E:/Develop/a_PYRo/PYRo-Hero/PYRo/Peripheral/CAN/pyro_can_drv.cpp:79:6:void pyro::can_msg_buffer_t::mark_read()	16	static
E:/Develop/a_PYRo/PYRo-Hero/PYRo/Peripheral/CAN/pyro_can_drv.cpp:84:12:TickType_t pyro::can_msg_buffer_t::get_last_update_time() const	16	static
E:/Develop/a_PYRo/PYRo-Hero/PYRo/Peripheral/CAN/pyro_can_drv.cpp:90:1:void pyro::can_msg_buffer_t::update_data(const uint8_t*)	40	static
E:/Develop/a_PYRo/PYRo-Hero/PYRo/Peripheral/CAN/pyro_can_drv.cpp:102:6:bool pyro::can_msg_buffer_t::get_data(std::array<unsigned char, 8>&) const	32	static
E:/Develop/a_PYRo/PYRo-Hero/PYRo/Peripheral/CAN/pyro_can_drv.cpp:116:1:pyro::can_drv_t::can_drv_t(FDCAN_HandleTypeDef*)	16	static
E:/Develop/a_PYRo/PYRo-Hero/PYRo/Peripheral/CAN/pyro_can_drv.cpp:121:1:pyro::can_drv_t::~can_drv_t()	16	static
E:/Develop/a_PYRo/PYRo-Hero/PYRo/Peripheral/CAN/pyro_can_drv.cpp:123:16:pyro::status_t pyro::can_drv_t::init()	56	static
E:/Develop/a_PYRo/PYRo-Hero/PYRo/Peripheral/CAN/pyro_can_drv.cpp:148:16:pyro::status_t pyro::can_drv_t::start() const	16	static
E:/Develop/a_PYRo/PYRo-Hero/PYRo/Peripheral/CAN/pyro_can_drv.cpp:156:16:pyro::status_t pyro::can_drv_t::send_msg(uint32_t, const uint8_t*) const	64	static
E:/Develop/a_PYRo/PYRo-Hero/PYRo/Peripheral/CAN/pyro_can_drv.cpp:210:16:pyro::status_t pyro::can_drv_t::register_rx_msg(pyro::can_msg_buffer_t*)	32	static
E:/Develop/a_PYRo/PYRo-Hero/PYRo/Peripheral/CAN/pyro_can_drv.cpp:227:1:pyro::status_t pyro::can_drv_t::handle_rx_msg(uint32_t, const uint8_t*)	32	static
E:/Develop/a_PYRo/PYRo-Hero/PYRo/Peripheral/CAN/pyro_can_drv.cpp:243:1:pyro::can_hub_t::can_hub_t()	16	static
E:/Develop/a_PYRo/PYRo-Hero/PYRo/Peripheral/CAN/pyro_can_drv.h:55:7:pyro::can_hub_t::~can_hub_t()	16	static
E:/Develop/a_PYRo/PYRo-Hero/PYRo/Peripheral/CAN/pyro_can_drv.cpp:248:12:static pyro::can_hub_t* pyro::can_hub_t::get_instance()	8	static
E:/Develop/a_PYRo/PYRo-Hero/PYRo/Peripheral/CAN/pyro_can_drv.cpp:255:16:pyro::status_t pyro::can_hub_t::hub_register_can_obj(FDCAN_HandleTypeDef*, pyro::can_drv_t*)	32	static
E:/Develop/a_PYRo/PYRo-Hero/PYRo/Peripheral/CAN/pyro_can_drv.cpp:270:16:pyro::status_t pyro::can_hub_t::hub_unregister_can_obj(FDCAN_HandleTypeDef*)	16	static
E:/Develop/a_PYRo/PYRo-Hero/PYRo/Peripheral/CAN/pyro_can_drv.cpp:284:12:pyro::can_drv_t* pyro::can_hub_t::hub_get_can_obj(which_can)	24	static
E:/Develop/a_PYRo/PYRo-Hero/PYRo/Peripheral/CAN/pyro_can_drv.cpp:307:1:pyro::status_t pyro::can_hub_t::hub_handle_callback(FDCAN_HandleTypeDef*, uint32_t, const uint8_t*)	24	static
E:/Develop/a_PYRo/PYRo-Hero/PYRo/Peripheral/CAN/pyro_can_drv.cpp:322:1:void can_global_handle(FDCAN_HandleTypeDef*, uint32_t, const uint8_t*)	24	static
E:/Develop/a_PYRo/PYRo-Hero/PYRo/Peripheral/CAN/pyro_can_drv.cpp:330:1:void HAL_FDCAN_RxFifo0Callback(FDCAN_HandleTypeDef*, uint32_t)	64	static
E:/Develop/arm_gnu/14.3 rel1/arm-none-eabi/include/c++/14.3.1/array:287:7:constexpr const std::array<_Tp, _Nm>::value_type* std::array<_Tp, _Nm>::data() const [with _Tp = unsigned char; unsigned int _Nm = 8]	16	static
E:/Develop/a_PYRo/PYRo-Hero/PYRo/Core/ETL/map.h:13:5:pyro::map_t<K, V>::map_t() [with K = long unsigned int; V = pyro::can_msg_buffer_t*]	16	static
E:/Develop/a_PYRo/PYRo-Hero/PYRo/Core/ETL/map.h:18:5:pyro::map_t<K, V>::~map_t() [with K = long unsigned int; V = pyro::can_msg_buffer_t*]	16	static
E:/Develop/a_PYRo/PYRo-Hero/PYRo/Core/ETL/map.h:80:10:void pyro::map_t<K, V>::clear() [with K = long unsigned int; V = pyro::can_msg_buffer_t*]	16	static
E:/Develop/a_PYRo/PYRo-Hero/PYRo/Core/ETL/map.h:63:10:bool pyro::map_t<K, V>::exist(const K&) [with K = long unsigned int; V = pyro::can_msg_buffer_t*]	16	static
E:/Develop/a_PYRo/PYRo-Hero/PYRo/Core/ETL/map.h:23:8:V& pyro::map_t<K, V>::operator[](const K&) [with K = long unsigned int; V = pyro::can_msg_buffer_t*]	24	static
E:/Develop/a_PYRo/PYRo-Hero/PYRo/Core/ETL/map.h:13:5:pyro::map_t<K, V>::map_t() [with K = FDCAN_HandleTypeDef*; V = pyro::can_drv_t*]	16	static
E:/Develop/a_PYRo/PYRo-Hero/PYRo/Core/ETL/map.h:18:5:pyro::map_t<K, V>::~map_t() [with K = FDCAN_HandleTypeDef*; V = pyro::can_drv_t*]	16	static
E:/Develop/a_PYRo/PYRo-Hero/PYRo/Core/ETL/map.h:80:10:void pyro::map_t<K, V>::clear() [with K = FDCAN_HandleTypeDef*; V = pyro::can_drv_t*]	16	static
E:/Develop/a_PYRo/PYRo-Hero/PYRo/Core/ETL/map.h:63:10:bool pyro::map_t<K, V>::exist(const K&) [with K = FDCAN_HandleTypeDef*; V = pyro::can_drv_t*]	16	static
E:/Develop/a_PYRo/PYRo-Hero/PYRo/Core/ETL/map.h:23:8:V& pyro::map_t<K, V>::operator[](const K&) [with K = FDCAN_HandleTypeDef*; V = pyro::can_drv_t*]	24	static
E:/Develop/a_PYRo/PYRo-Hero/PYRo/Core/ETL/map.h:85:10:void pyro::map_t<K, V>::erase(const K&) [with K = FDCAN_HandleTypeDef*; V = pyro::can_drv_t*]	32	static
E:/Develop/a_PYRo/PYRo-Hero/PYRo/Core/ETL/map.h:52:9:int pyro::map_t<K, V>::find(const K&) [with K = long unsigned int; V = pyro::can_msg_buffer_t*]	32	static
E:/Develop/arm_gnu/14.3 rel1/arm-none-eabi/include/c++/14.3.1/array:206:7:constexpr std::array<_Tp, _Nm>::value_type& std::array<_Tp, _Nm>::operator[](size_type) [with _Tp = pyro::can_msg_buffer_t*; unsigned int _Nm = 10]	16	static
E:/Develop/arm_gnu/14.3 rel1/arm-none-eabi/include/c++/14.3.1/array:206:7:constexpr std::array<_Tp, _Nm>::value_type& std::array<_Tp, _Nm>::operator[](size_type) [with _Tp = long unsigned int; unsigned int _Nm = 10]	16	static
E:/Develop/a_PYRo/PYRo-Hero/PYRo/Core/ETL/map.h:52:9:int pyro::map_t<K, V>::find(const K&) [with K = FDCAN_HandleTypeDef*; V = pyro::can_drv_t*]	32	static
E:/Develop/arm_gnu/14.3 rel1/arm-none-eabi/include/c++/14.3.1/array:206:7:constexpr std::array<_Tp, _Nm>::value_type& std::array<_Tp, _Nm>::operator[](size_type) [with _Tp = pyro::can_drv_t*; unsigned int _Nm = 10]	16	static
E:/Develop/arm_gnu/14.3 rel1/arm-none-eabi/include/c++/14.3.1/array:206:7:constexpr std::array<_Tp, _Nm>::value_type& std::array<_Tp, _Nm>::operator[](size_type) [with _Tp = FDCAN_HandleTypeDef*; unsigned int _Nm = 10]	16	static
