E:/Develop/a_PYRo/PYRo-Hero/PYRo/Module/pyro_module_base.h:44:5:pyro::cmd_base_t::cmd_base_t()	16	static
E:/Develop/a_PYRo/PYRo-Hero/PYRo/Core/Lock/pyro_rw_lock.h:96:14:pyro::read_scope_lock::read_scope_lock(pyro::rw_lock&)	16	static
E:/Develop/a_PYRo/PYRo-Hero/PYRo/Core/Lock/pyro_rw_lock.h:112:5:pyro::read_scope_lock::~read_scope_lock()	16	static
E:/Develop/arm_gnu/14.3 rel1/arm-none-eabi/include/c++/14.3.1/cmath:376:3:constexpr float std::pow(float, float)	16	static
E:/Develop/arm_gnu/14.3 rel1/arm-none-eabi/include/c++/14.3.1/bits/stl_algobase.h:1038:3:constexpr unsigned int std::__size_to_integer(unsigned int)	16	static
E:/Develop/arm_gnu/14.3 rel1/arm-none-eabi/include/c++/14.3.1/arm-none-eabi/thumb/v7e-m+dp/hard/bits/gthr-default.h:229:1:int __gthread_key_delete(__gthread_key_t)	16	static
E:/Develop/a_PYRo/PYRo-Hero/PYRo/Module/pyro_module_base.h:47:13:pyro::cmd_base_t::~cmd_base_t()	16	static
E:/Develop/a_PYRo/PYRo-Hero/PYRo/Module/pyro_module_base.h:47:13:virtual pyro::cmd_base_t::~cmd_base_t()	16	static
E:/Develop/a_PYRo/PYRo-Hero/robot/sub_hero/Gimbal/pyro_screw_gimbal.h:29:5:pyro::screw_gimbal_cmd_t::screw_gimbal_cmd_t()	16	static
E:/Develop/a_PYRo/PYRo-Hero/robot/sub_hero/Application/Gimbal_board/pyro_gimbal_app.cpp:34:10:void hero_gimbal_thread(void*)	24	static
E:/Develop/a_PYRo/PYRo-Hero/robot/sub_hero/Application/Gimbal_board/pyro_gimbal_app.cpp:108:10:void hero_gimbal_init(void*)	40	static
E:/Develop/a_PYRo/PYRo-Hero/robot/sub_hero/Application/Gimbal_board/pyro_gimbal_app.cpp:134:6:void gimbal_dr162cmd()	32	static
E:/Develop/a_PYRo/PYRo-Hero/robot/sub_hero/Application/Gimbal_board/pyro_gimbal_app.cpp:152:6:void gimbal_vt032cmd()	40	static
E:/Develop/a_PYRo/PYRo-Hero/robot/sub_hero/Gimbal/pyro_screw_gimbal.h:38:8:constexpr pyro::screw_gimbal_deps_t::screw_gimbal_deps_t()	16	static
E:/Develop/a_PYRo/PYRo-Hero/robot/sub_hero/Application/Gimbal_board/pyro_gimbal_app.cpp:224:6:void deps_init()	24	static
E:/Develop/a_PYRo/PYRo-Hero/PYRo/Module/pyro_module_base.h:36:8:constexpr pyro::cmd_base_t& pyro::cmd_base_t::operator=(const pyro::cmd_base_t&)	16	static
E:/Develop/a_PYRo/PYRo-Hero/robot/sub_hero/Gimbal/pyro_screw_gimbal.h:17:8:constexpr pyro::screw_gimbal_cmd_t& pyro::screw_gimbal_cmd_t::operator=(const pyro::screw_gimbal_cmd_t&)	16	static
E:/Develop/a_PYRo/PYRo-Hero/PYRo/Module/pyro_module_base.tpp:41:6:bool pyro::module_base_t<Derived, CmdType, ModuleDeps>::set_command(const CmdType&) [with Derived = pyro::screw_gimbal_t; CmdType = pyro::screw_gimbal_cmd_t; ModuleDeps = pyro::screw_gimbal_deps_t]	40	static
E:/Develop/a_PYRo/PYRo-Hero/robot/sub_hero/Gimbal/pyro_screw_gimbal.h:17:8:pyro::screw_gimbal_cmd_t::~screw_gimbal_cmd_t()	16	static
E:/Develop/a_PYRo/PYRo-Hero/robot/sub_hero/Gimbal/pyro_screw_gimbal.h:17:8:virtual pyro::screw_gimbal_cmd_t::~screw_gimbal_cmd_t()	16	static
E:/Develop/a_PYRo/PYRo-Hero/PYRo/Module/pyro_module_base.h:105:11:pyro::module_base_t<pyro::screw_gimbal_t, pyro::screw_gimbal_cmd_t, pyro::screw_gimbal_deps_t>::module_task_t::~module_task_t()	16	static
E:/Develop/a_PYRo/PYRo-Hero/PYRo/Module/pyro_module_base.h:105:11:virtual pyro::module_base_t<pyro::screw_gimbal_t, pyro::screw_gimbal_cmd_t, pyro::screw_gimbal_deps_t>::module_task_t::~module_task_t()	16	static
E:/Develop/a_PYRo/PYRo-Hero/PYRo/Module/pyro_module_base.h:89:13:pyro::module_base_t<Derived, CmdType, ModuleDeps>::~module_base_t() [with Derived = pyro::screw_gimbal_t; CmdType = pyro::screw_gimbal_cmd_t; ModuleDeps = pyro::screw_gimbal_deps_t]	24	static
E:/Develop/a_PYRo/PYRo-Hero/PYRo/Module/pyro_module_base.h:89:13:pyro::module_base_t<Derived, CmdType, ModuleDeps>::~module_base_t() [with Derived = pyro::screw_gimbal_t; CmdType = pyro::screw_gimbal_cmd_t; ModuleDeps = pyro::screw_gimbal_deps_t]	16	static
E:/Develop/a_PYRo/PYRo-Hero/PYRo/Core/FSM/pyro_core_fsm.h:34:13:pyro::state_t<Context>::~state_t() [with Context = pyro::screw_gimbal_t]	16	static
E:/Develop/a_PYRo/PYRo-Hero/PYRo/Core/FSM/pyro_core_fsm.h:34:13:pyro::state_t<Context>::~state_t() [with Context = pyro::screw_gimbal_t]	16	static
E:/Develop/a_PYRo/PYRo-Hero/PYRo/Core/FSM/pyro_core_fsm.h:95:35:pyro::fsm_t<pyro::screw_gimbal_t>::~fsm_t()	16	static
E:/Develop/a_PYRo/PYRo-Hero/PYRo/Core/FSM/pyro_core_fsm.h:95:35:virtual pyro::fsm_t<pyro::screw_gimbal_t>::~fsm_t()	16	static
E:/Develop/a_PYRo/PYRo-Hero/robot/sub_hero/Gimbal/pyro_screw_gimbal.h:212:16:pyro::screw_gimbal_t::fsm_passive_t::calibration_state_t::~calibration_state_t()	16	static
E:/Develop/a_PYRo/PYRo-Hero/robot/sub_hero/Gimbal/pyro_screw_gimbal.h:212:16:virtual pyro::screw_gimbal_t::fsm_passive_t::calibration_state_t::~calibration_state_t()	16	static
E:/Develop/a_PYRo/PYRo-Hero/robot/sub_hero/Gimbal/pyro_screw_gimbal.h:219:16:pyro::screw_gimbal_t::fsm_passive_t::idle_state_t::~idle_state_t()	16	static
E:/Develop/a_PYRo/PYRo-Hero/robot/sub_hero/Gimbal/pyro_screw_gimbal.h:219:16:virtual pyro::screw_gimbal_t::fsm_passive_t::idle_state_t::~idle_state_t()	16	static
E:/Develop/a_PYRo/PYRo-Hero/robot/sub_hero/Gimbal/pyro_screw_gimbal.h:206:12:pyro::screw_gimbal_t::fsm_passive_t::~fsm_passive_t()	16	static
E:/Develop/a_PYRo/PYRo-Hero/robot/sub_hero/Gimbal/pyro_screw_gimbal.h:206:12:virtual pyro::screw_gimbal_t::fsm_passive_t::~fsm_passive_t()	16	static
E:/Develop/a_PYRo/PYRo-Hero/robot/sub_hero/Gimbal/pyro_screw_gimbal.h:238:16:pyro::screw_gimbal_t::fsm_active_t::sling_state_t::~sling_state_t()	16	static
E:/Develop/a_PYRo/PYRo-Hero/robot/sub_hero/Gimbal/pyro_screw_gimbal.h:238:16:virtual pyro::screw_gimbal_t::fsm_active_t::sling_state_t::~sling_state_t()	16	static
E:/Develop/a_PYRo/PYRo-Hero/robot/sub_hero/Gimbal/pyro_screw_gimbal.h:252:16:pyro::screw_gimbal_t::fsm_active_t::autoaim_state_t::~autoaim_state_t()	16	static
E:/Develop/a_PYRo/PYRo-Hero/robot/sub_hero/Gimbal/pyro_screw_gimbal.h:252:16:virtual pyro::screw_gimbal_t::fsm_active_t::autoaim_state_t::~autoaim_state_t()	16	static
E:/Develop/a_PYRo/PYRo-Hero/robot/sub_hero/Gimbal/pyro_screw_gimbal.h:245:16:pyro::screw_gimbal_t::fsm_active_t::normal_state_t::~normal_state_t()	16	static
E:/Develop/a_PYRo/PYRo-Hero/robot/sub_hero/Gimbal/pyro_screw_gimbal.h:245:16:virtual pyro::screw_gimbal_t::fsm_active_t::normal_state_t::~normal_state_t()	16	static
E:/Develop/a_PYRo/PYRo-Hero/robot/sub_hero/Gimbal/pyro_screw_gimbal.h:232:12:pyro::screw_gimbal_t::fsm_active_t::~fsm_active_t()	16	static
E:/Develop/a_PYRo/PYRo-Hero/robot/sub_hero/Gimbal/pyro_screw_gimbal.h:232:12:virtual pyro::screw_gimbal_t::fsm_active_t::~fsm_active_t()	16	static
E:/Develop/a_PYRo/PYRo-Hero/robot/sub_hero/Gimbal/pyro_screw_gimbal.h:90:5:pyro::screw_gimbal_t::~screw_gimbal_t()	16	static
E:/Develop/a_PYRo/PYRo-Hero/robot/sub_hero/Gimbal/pyro_screw_gimbal.h:90:5:virtual pyro::screw_gimbal_t::~screw_gimbal_t()	16	static
E:/Develop/a_PYRo/PYRo-Hero/PYRo/Module/pyro_module_base.h:58:21:static Derived* pyro::module_base_t<Derived, CmdType, ModuleDeps>::instance() [with Derived = pyro::screw_gimbal_t; CmdType = pyro::screw_gimbal_cmd_t; ModuleDeps = pyro::screw_gimbal_deps_t]	8	static
E:/Develop/a_PYRo/PYRo-Hero/PYRo/Module/pyro_module_base.tpp:60:6:void pyro::module_base_t<Derived, CmdType, ModuleDeps>::configure(const ModuleDeps&) [with Derived = pyro::screw_gimbal_t; CmdType = pyro::screw_gimbal_cmd_t; ModuleDeps = pyro::screw_gimbal_deps_t]	24	static
E:/Develop/a_PYRo/PYRo-Hero/PYRo/Module/pyro_module_base.tpp:31:10:pyro::status_t pyro::module_base_t<Derived, CmdType, ModuleDeps>::start() [with Derived = pyro::screw_gimbal_t; CmdType = pyro::screw_gimbal_cmd_t; ModuleDeps = pyro::screw_gimbal_deps_t]	16	static
E:/Develop/a_PYRo/PYRo-Hero/PYRo/Component/RC/pyro_rc_core.h:235:17:static void pyro::rc_broker_t<TargetType, EventType>::subscribe(TargetType*, EventType, TaskHandle_t, uint32_t) [with TargetType = pyro::tiny_button_t; EventType = pyro::btn_event_t]	40	static
E:/Develop/a_PYRo/PYRo-Hero/PYRo/Algorithm/LESO/pyro_algo_leso.tpp:18:1:pyro::leso_t<Order>::leso_t(float, float, float) [with long unsigned int Order = 3]	40	static
E:/Develop/a_PYRo/PYRo-Hero/PYRo/Algorithm/LESO/pyro_algo_leso.tpp:18:1:pyro::leso_t<Order>::leso_t(float, float, float) [with long unsigned int Order = 2]	40	static
E:/Develop/arm_gnu/14.3 rel1/arm-none-eabi/include/c++/14.3.1/array:121:7:void std::array<_Tp, _Nm>::fill(const value_type&) [with _Tp = float; unsigned int _Nm = 3]	24	static
E:/Develop/a_PYRo/PYRo-Hero/PYRo/Algorithm/LESO/pyro_algo_leso.tpp:124:6:void pyro::leso_t<Order>::calculate_betas() [with long unsigned int Order = 3]	32	static
E:/Develop/arm_gnu/14.3 rel1/arm-none-eabi/include/c++/14.3.1/array:121:7:void std::array<_Tp, _Nm>::fill(const value_type&) [with _Tp = float; unsigned int _Nm = 2]	24	static
E:/Develop/a_PYRo/PYRo-Hero/PYRo/Algorithm/LESO/pyro_algo_leso.tpp:124:6:void pyro::leso_t<Order>::calculate_betas() [with long unsigned int Order = 2]	32	static
E:/Develop/arm_gnu/14.3 rel1/arm-none-eabi/include/c++/14.3.1/array:132:7:constexpr std::array<_Tp, _Nm>::value_type* std::array<_Tp, _Nm>::begin() [with _Tp = float; unsigned int _Nm = 3]	24	static
E:/Develop/arm_gnu/14.3 rel1/arm-none-eabi/include/c++/14.3.1/bits/stl_algobase.h:1178:5:_OI std::fill_n(_OI, _Size, const _Tp&) [with _OI = float*; _Size = unsigned int; _Tp = float]	32	static
E:/Develop/a_PYRo/PYRo-Hero/PYRo/Algorithm/LESO/pyro_algo_leso.tpp:111:20:static constexpr uint32_t pyro::leso_t<Order>::calculate_nCr(uint32_t, uint32_t) [with long unsigned int Order = 3]	24	static
E:/Develop/arm_gnu/14.3 rel1/arm-none-eabi/include/c++/14.3.1/array:206:7:constexpr std::array<_Tp, _Nm>::value_type& std::array<_Tp, _Nm>::operator[](size_type) [with _Tp = float; unsigned int _Nm = 3]	16	static
E:/Develop/arm_gnu/14.3 rel1/arm-none-eabi/include/c++/14.3.1/array:132:7:constexpr std::array<_Tp, _Nm>::value_type* std::array<_Tp, _Nm>::begin() [with _Tp = float; unsigned int _Nm = 2]	24	static
E:/Develop/a_PYRo/PYRo-Hero/PYRo/Algorithm/LESO/pyro_algo_leso.tpp:111:20:static constexpr uint32_t pyro::leso_t<Order>::calculate_nCr(uint32_t, uint32_t) [with long unsigned int Order = 2]	24	static
E:/Develop/arm_gnu/14.3 rel1/arm-none-eabi/include/c++/14.3.1/array:206:7:constexpr std::array<_Tp, _Nm>::value_type& std::array<_Tp, _Nm>::operator[](size_type) [with _Tp = float; unsigned int _Nm = 2]	16	static
E:/Develop/arm_gnu/14.3 rel1/arm-none-eabi/include/c++/14.3.1/bits/stl_algobase.h:1143:5:_OutputIterator std::__fill_n_a(_OutputIterator, _Size, const _Tp&, random_access_iterator_tag) [with _OutputIterator = float*; _Size = unsigned int; _Tp = float]	24	static
E:/Develop/arm_gnu/14.3 rel1/arm-none-eabi/include/c++/14.3.1/bits/stl_algobase.h:997:5:void std::__fill_a(_FIte, _FIte, const _Tp&) [with _FIte = float*; _Tp = float]	24	static
E:/Develop/arm_gnu/14.3 rel1/arm-none-eabi/include/c++/14.3.1/bits/stl_algobase.h:947:5:typename __gnu_cxx::__enable_if<std::__is_scalar<_Tp>::__value, void>::__type std::__fill_a1(_ForwardIterator, _ForwardIterator, const _Tp&) [with _ForwardIterator = float*; _Tp = float]	32	static
E:/Develop/a_PYRo/PYRo-Hero/PYRo/Core/FSM/pyro_core_fsm.tpp:78:6:void pyro::fsm_t<Context>::enter(Context*) [with Context = pyro::screw_gimbal_t]	16	static
E:/Develop/a_PYRo/PYRo-Hero/PYRo/Core/FSM/pyro_core_fsm.tpp:100:6:void pyro::fsm_t<Context>::execute(Context*) [with Context = pyro::screw_gimbal_t]	24	static
E:/Develop/a_PYRo/PYRo-Hero/PYRo/Core/FSM/pyro_core_fsm.tpp:138:6:void pyro::fsm_t<Context>::exit(Context*) [with Context = pyro::screw_gimbal_t]	16	static
E:/Develop/a_PYRo/PYRo-Hero/PYRo/Core/FSM/pyro_core_fsm.tpp:215:6:void pyro::fsm_t<Context>::on_enter(Context*) [with Context = pyro::screw_gimbal_t]	16	static
E:/Develop/a_PYRo/PYRo-Hero/PYRo/Core/FSM/pyro_core_fsm.tpp:218:6:void pyro::fsm_t<Context>::on_exit(Context*) [with Context = pyro::screw_gimbal_t]	16	static
E:/Develop/a_PYRo/PYRo-Hero/PYRo/Core/FSM/pyro_core_fsm.tpp:221:6:void pyro::fsm_t<Context>::on_execute(Context*) [with Context = pyro::screw_gimbal_t]	16	static
E:/Develop/a_PYRo/PYRo-Hero/PYRo/Module/pyro_module_base.tpp:122:10:pyro::status_t pyro::module_base_t<Derived, CmdType, ModuleDeps>::module_task_t::init() [with Derived = pyro::screw_gimbal_t; CmdType = pyro::screw_gimbal_cmd_t; ModuleDeps = pyro::screw_gimbal_deps_t]	16	static
E:/Develop/a_PYRo/PYRo-Hero/PYRo/Module/pyro_module_base.tpp:134:6:void pyro::module_base_t<Derived, CmdType, ModuleDeps>::module_task_t::run_loop() [with Derived = pyro::screw_gimbal_t; CmdType = pyro::screw_gimbal_cmd_t; ModuleDeps = pyro::screw_gimbal_deps_t]	16	static
E:/Develop/a_PYRo/PYRo-Hero/PYRo/Core/FSM/pyro_core_fsm.tpp:186:6:bool pyro::fsm_t<Context>::process_switch(Context*) [with Context = pyro::screw_gimbal_t]	16	static
E:/Develop/a_PYRo/PYRo-Hero/PYRo/Core/FSM/pyro_core_fsm.tpp:50:19:pyro::state_t<Context>* pyro::state_t<Context>::fetch_request() [with Context = pyro::screw_gimbal_t]	24	static
E:/Develop/a_PYRo/PYRo-Hero/PYRo/Core/FSM/pyro_core_fsm.tpp:62:6:void pyro::state_t<Context>::discard_request() [with Context = pyro::screw_gimbal_t]	16	static
E:/Develop/a_PYRo/PYRo-Hero/PYRo/Module/pyro_module_base.tpp:93:6:void pyro::module_base_t<Derived, CmdType, ModuleDeps>::_run_loop_impl() [with Derived = pyro::screw_gimbal_t; CmdType = pyro::screw_gimbal_cmd_t; ModuleDeps = pyro::screw_gimbal_deps_t]	24	static
E:/Develop/a_PYRo/PYRo-Hero/PYRo/Module/pyro_module_base.tpp:72:6:void pyro::module_base_t<Derived, CmdType, ModuleDeps>::_update_command() [with Derived = pyro::screw_gimbal_t; CmdType = pyro::screw_gimbal_cmd_t; ModuleDeps = pyro::screw_gimbal_deps_t]	24	static
