E:/Develop/arm_gnu/14.3 rel1/arm-none-eabi/include/c++/14.3.1/bits/std_abs.h:75:3:constexpr float std::abs(float)	16	static
E:/Develop/a_PYRo/PYRo-Hero/PYRo/Core/Lock/pyro_rw_lock.h:96:14:pyro::read_scope_lock::read_scope_lock(pyro::rw_lock&)	16	static
E:/Develop/a_PYRo/PYRo-Hero/PYRo/Core/Lock/pyro_rw_lock.h:112:5:pyro::read_scope_lock::~read_scope_lock()	16	static
E:/Develop/arm_gnu/14.3 rel1/arm-none-eabi/include/c++/14.3.1/arm-none-eabi/thumb/v7e-m+dp/hard/bits/gthr-default.h:229:1:int __gthread_key_delete(__gthread_key_t)	16	static
E:/Develop/a_PYRo/PYRo-Hero/PYRo/Module/pyro_module_base.h:47:13:pyro::cmd_base_t::~cmd_base_t()	16	static
E:/Develop/a_PYRo/PYRo-Hero/PYRo/Module/pyro_module_base.h:47:13:virtual pyro::cmd_base_t::~cmd_base_t()	16	static
E:/Develop/a_PYRo/PYRo-Hero/robot/sub_hero/Communication/Gimbal_board/pyro_board_com.cpp:22:13:void process_gimbal_logic(uint32_t)	32	static
E:/Develop/a_PYRo/PYRo-Hero/robot/sub_hero/Communication/Gimbal_board/pyro_board_com.cpp:138:10:void hero_board_com_thread(void*)	24	static
E:/Develop/a_PYRo/PYRo-Hero/robot/sub_hero/Communication/Gimbal_board/pyro_board_com.cpp:151:10:void hero_board_com_init(void*)	32	static
E:/Develop/a_PYRo/PYRo-Hero/robot/sub_hero/Gimbal/pyro_screw_gimbal.h:17:8:pyro::screw_gimbal_cmd_t::~screw_gimbal_cmd_t()	16	static
E:/Develop/a_PYRo/PYRo-Hero/robot/sub_hero/Gimbal/pyro_screw_gimbal.h:17:8:virtual pyro::screw_gimbal_cmd_t::~screw_gimbal_cmd_t()	16	static
E:/Develop/a_PYRo/PYRo-Hero/PYRo/Module/pyro_module_base.h:105:11:pyro::module_base_t<pyro::screw_gimbal_t, pyro::screw_gimbal_cmd_t, pyro::screw_gimbal_deps_t>::module_task_t::~module_task_t()	16	static
E:/Develop/a_PYRo/PYRo-Hero/PYRo/Module/pyro_module_base.h:105:11:virtual pyro::module_base_t<pyro::screw_gimbal_t, pyro::screw_gimbal_cmd_t, pyro::screw_gimbal_deps_t>::module_task_t::~module_task_t()	16	static
E:/Develop/a_PYRo/PYRo-Hero/PYRo/Module/pyro_module_base.h:89:13:pyro::module_base_t<Derived, CmdType, ModuleDeps>::~module_base_t() [with Derived = pyro::screw_gimbal_t; CmdType = pyro::screw_gimbal_cmd_t; ModuleDeps = pyro::screw_gimbal_deps_t]	24	static
E:/Develop/a_PYRo/PYRo-Hero/PYRo/Module/pyro_module_base.h:89:13:pyro::module_base_t<Derived, CmdType, ModuleDeps>::~module_base_t() [with Derived = pyro::screw_gimbal_t; CmdType = pyro::screw_gimbal_cmd_t; ModuleDeps = pyro::screw_gimbal_deps_t]	16	static
E:/Develop/a_PYRo/PYRo-Hero/PYRo/Core/FSM/pyro_core_fsm.h:34:13:pyro::state_t<Context>::~state_t() [with Context = pyro::screw_gimbal_t]	16	static
E:/Develop/a_PYRo/PYRo-Hero/PYRo/Core/FSM/pyro_core_fsm.h:34:13:pyro::state_t<Context>::~state_t() [with Context = pyro::screw_gimbal_t]	16	static
E:/Develop/a_PYRo/PYRo-Hero/PYRo/Core/FSM/pyro_core_fsm.h:95:35:pyro::fsm_t<pyro::screw_gimbal_t>::~fsm_t()	16	static
E:/Develop/a_PYRo/PYRo-Hero/PYRo/Core/FSM/pyro_core_fsm.h:95:35:virtual pyro::fsm_t<pyro::screw_gimbal_t>::~fsm_t()	16	static
E:/Develop/a_PYRo/PYRo-Hero/robot/sub_hero/Gimbal/pyro_screw_gimbal.h:212:16:pyro::screw_gimbal_t::fsm_passive_t::calibration_state_t::~calibration_state_t()	16	static
E:/Develop/a_PYRo/PYRo-Hero/robot/sub_hero/Gimbal/pyro_screw_gimbal.h:212:16:virtual pyro::screw_gimbal_t::fsm_passive_t::calibration_state_t::~calibration_state_t()	16	static
E:/Develop/a_PYRo/PYRo-Hero/robot/sub_hero/Gimbal/pyro_screw_gimbal.h:219:16:pyro::screw_gimbal_t::fsm_passive_t::idle_state_t::~idle_state_t()	16	static
E:/Develop/a_PYRo/PYRo-Hero/robot/sub_hero/Gimbal/pyro_screw_gimbal.h:219:16:virtual pyro::screw_gimbal_t::fsm_passive_t::idle_state_t::~idle_state_t()	16	static
E:/Develop/a_PYRo/PYRo-Hero/robot/sub_hero/Gimbal/pyro_screw_gimbal.h:206:12:pyro::screw_gimbal_t::fsm_passive_t::~fsm_passive_t()	16	static
E:/Develop/a_PYRo/PYRo-Hero/robot/sub_hero/Gimbal/pyro_screw_gimbal.h:206:12:virtual pyro::screw_gimbal_t::fsm_passive_t::~fsm_passive_t()	16	static
E:/Develop/a_PYRo/PYRo-Hero/robot/sub_hero/Gimbal/pyro_screw_gimbal.h:238:16:pyro::screw_gimbal_t::fsm_active_t::sling_state_t::~sling_state_t()	16	static
E:/Develop/a_PYRo/PYRo-Hero/robot/sub_hero/Gimbal/pyro_screw_gimbal.h:238:16:virtual pyro::screw_gimbal_t::fsm_active_t::sling_state_t::~sling_state_t()	16	static
E:/Develop/a_PYRo/PYRo-Hero/robot/sub_hero/Gimbal/pyro_screw_gimbal.h:252:16:pyro::screw_gimbal_t::fsm_active_t::autoaim_state_t::~autoaim_state_t()	16	static
E:/Develop/a_PYRo/PYRo-Hero/robot/sub_hero/Gimbal/pyro_screw_gimbal.h:252:16:virtual pyro::screw_gimbal_t::fsm_active_t::autoaim_state_t::~autoaim_state_t()	16	static
E:/Develop/a_PYRo/PYRo-Hero/robot/sub_hero/Gimbal/pyro_screw_gimbal.h:245:16:pyro::screw_gimbal_t::fsm_active_t::normal_state_t::~normal_state_t()	16	static
E:/Develop/a_PYRo/PYRo-Hero/robot/sub_hero/Gimbal/pyro_screw_gimbal.h:245:16:virtual pyro::screw_gimbal_t::fsm_active_t::normal_state_t::~normal_state_t()	16	static
E:/Develop/a_PYRo/PYRo-Hero/robot/sub_hero/Gimbal/pyro_screw_gimbal.h:232:12:pyro::screw_gimbal_t::fsm_active_t::~fsm_active_t()	16	static
E:/Develop/a_PYRo/PYRo-Hero/robot/sub_hero/Gimbal/pyro_screw_gimbal.h:232:12:virtual pyro::screw_gimbal_t::fsm_active_t::~fsm_active_t()	16	static
E:/Develop/a_PYRo/PYRo-Hero/robot/sub_hero/Gimbal/pyro_screw_gimbal.h:90:5:pyro::screw_gimbal_t::~screw_gimbal_t()	16	static
E:/Develop/a_PYRo/PYRo-Hero/robot/sub_hero/Gimbal/pyro_screw_gimbal.h:90:5:virtual pyro::screw_gimbal_t::~screw_gimbal_t()	16	static
E:/Develop/a_PYRo/PYRo-Hero/PYRo/Module/pyro_module_base.h:58:21:static Derived* pyro::module_base_t<Derived, CmdType, ModuleDeps>::instance() [with Derived = pyro::screw_gimbal_t; CmdType = pyro::screw_gimbal_cmd_t; ModuleDeps = pyro::screw_gimbal_deps_t]	8	static
E:/Develop/a_PYRo/PYRo-Hero/robot/sub_hero/Booster/pyro_quad_booster.h:15:8:pyro::quad_booster_cmd_t::~quad_booster_cmd_t()	16	static
E:/Develop/a_PYRo/PYRo-Hero/robot/sub_hero/Booster/pyro_quad_booster.h:15:8:virtual pyro::quad_booster_cmd_t::~quad_booster_cmd_t()	16	static
E:/Develop/a_PYRo/PYRo-Hero/PYRo/Module/pyro_module_base.h:105:11:pyro::module_base_t<pyro::quad_booster_t, pyro::quad_booster_cmd_t, pyro::quad_deps_t>::module_task_t::~module_task_t()	16	static
E:/Develop/a_PYRo/PYRo-Hero/PYRo/Module/pyro_module_base.h:105:11:virtual pyro::module_base_t<pyro::quad_booster_t, pyro::quad_booster_cmd_t, pyro::quad_deps_t>::module_task_t::~module_task_t()	16	static
E:/Develop/a_PYRo/PYRo-Hero/PYRo/Module/pyro_module_base.h:89:13:pyro::module_base_t<Derived, CmdType, ModuleDeps>::~module_base_t() [with Derived = pyro::quad_booster_t; CmdType = pyro::quad_booster_cmd_t; ModuleDeps = pyro::quad_deps_t]	24	static
E:/Develop/a_PYRo/PYRo-Hero/PYRo/Module/pyro_module_base.h:89:13:pyro::module_base_t<Derived, CmdType, ModuleDeps>::~module_base_t() [with Derived = pyro::quad_booster_t; CmdType = pyro::quad_booster_cmd_t; ModuleDeps = pyro::quad_deps_t]	16	static
E:/Develop/a_PYRo/PYRo-Hero/PYRo/Core/FSM/pyro_core_fsm.h:34:13:pyro::state_t<Context>::~state_t() [with Context = pyro::quad_booster_t]	16	static
E:/Develop/a_PYRo/PYRo-Hero/PYRo/Core/FSM/pyro_core_fsm.h:34:13:pyro::state_t<Context>::~state_t() [with Context = pyro::quad_booster_t]	16	static
E:/Develop/a_PYRo/PYRo-Hero/robot/sub_hero/Booster/pyro_quad_booster.h:166:12:pyro::quad_booster_t::state_passive_t::~state_passive_t()	16	static
E:/Develop/a_PYRo/PYRo-Hero/robot/sub_hero/Booster/pyro_quad_booster.h:166:12:virtual pyro::quad_booster_t::state_passive_t::~state_passive_t()	16	static
E:/Develop/a_PYRo/PYRo-Hero/PYRo/Core/FSM/pyro_core_fsm.h:95:35:pyro::fsm_t<pyro::quad_booster_t>::~fsm_t()	16	static
E:/Develop/a_PYRo/PYRo-Hero/PYRo/Core/FSM/pyro_core_fsm.h:95:35:virtual pyro::fsm_t<pyro::quad_booster_t>::~fsm_t()	16	static
E:/Develop/a_PYRo/PYRo-Hero/robot/sub_hero/Booster/pyro_quad_booster.h:178:16:pyro::quad_booster_t::fsm_active_t::state_homing_t::~state_homing_t()	16	static
E:/Develop/a_PYRo/PYRo-Hero/robot/sub_hero/Booster/pyro_quad_booster.h:178:16:virtual pyro::quad_booster_t::fsm_active_t::state_homing_t::~state_homing_t()	16	static
E:/Develop/a_PYRo/PYRo-Hero/robot/sub_hero/Booster/pyro_quad_booster.h:187:16:pyro::quad_booster_t::fsm_active_t::state_interim_t::~state_interim_t()	16	static
E:/Develop/a_PYRo/PYRo-Hero/robot/sub_hero/Booster/pyro_quad_booster.h:187:16:virtual pyro::quad_booster_t::fsm_active_t::state_interim_t::~state_interim_t()	16	static
E:/Develop/a_PYRo/PYRo-Hero/robot/sub_hero/Booster/pyro_quad_booster.h:196:16:pyro::quad_booster_t::fsm_active_t::state_ready_t::~state_ready_t()	16	static
E:/Develop/a_PYRo/PYRo-Hero/robot/sub_hero/Booster/pyro_quad_booster.h:196:16:virtual pyro::quad_booster_t::fsm_active_t::state_ready_t::~state_ready_t()	16	static
E:/Develop/a_PYRo/PYRo-Hero/robot/sub_hero/Booster/pyro_quad_booster.h:202:16:pyro::quad_booster_t::fsm_active_t::state_busy_t::~state_busy_t()	16	static
E:/Develop/a_PYRo/PYRo-Hero/robot/sub_hero/Booster/pyro_quad_booster.h:202:16:virtual pyro::quad_booster_t::fsm_active_t::state_busy_t::~state_busy_t()	16	static
E:/Develop/a_PYRo/PYRo-Hero/robot/sub_hero/Booster/pyro_quad_booster.h:208:16:pyro::quad_booster_t::fsm_active_t::state_stall_t::~state_stall_t()	16	static
E:/Develop/a_PYRo/PYRo-Hero/robot/sub_hero/Booster/pyro_quad_booster.h:208:16:virtual pyro::quad_booster_t::fsm_active_t::state_stall_t::~state_stall_t()	16	static
E:/Develop/a_PYRo/PYRo-Hero/robot/sub_hero/Booster/pyro_quad_booster.h:176:12:pyro::quad_booster_t::fsm_active_t::~fsm_active_t()	16	static
E:/Develop/a_PYRo/PYRo-Hero/robot/sub_hero/Booster/pyro_quad_booster.h:176:12:virtual pyro::quad_booster_t::fsm_active_t::~fsm_active_t()	16	static
E:/Develop/a_PYRo/PYRo-Hero/robot/sub_hero/Booster/pyro_quad_booster.h:225:12:pyro::quad_booster_t::state_temp_t::~state_temp_t()	16	static
E:/Develop/a_PYRo/PYRo-Hero/robot/sub_hero/Booster/pyro_quad_booster.h:225:12:virtual pyro::quad_booster_t::state_temp_t::~state_temp_t()	16	static
E:/Develop/a_PYRo/PYRo-Hero/robot/sub_hero/Booster/pyro_quad_booster.h:73:5:pyro::quad_booster_t::~quad_booster_t()	16	static
E:/Develop/a_PYRo/PYRo-Hero/robot/sub_hero/Booster/pyro_quad_booster.h:73:5:virtual pyro::quad_booster_t::~quad_booster_t()	16	static
E:/Develop/a_PYRo/PYRo-Hero/PYRo/Module/pyro_module_base.h:58:21:static Derived* pyro::module_base_t<Derived, CmdType, ModuleDeps>::instance() [with Derived = pyro::quad_booster_t; CmdType = pyro::quad_booster_cmd_t; ModuleDeps = pyro::quad_deps_t]	8	static
E:/Develop/a_PYRo/PYRo-Hero/PYRo/Component/RC/pyro_rc_core.h:235:17:static void pyro::rc_broker_t<TargetType, EventType>::subscribe(TargetType*, EventType, TaskHandle_t, uint32_t) [with TargetType = pyro::tiny_button_t; EventType = pyro::btn_event_t]	40	static
E:/Develop/a_PYRo/PYRo-Hero/PYRo/Core/FSM/pyro_core_fsm.tpp:78:6:void pyro::fsm_t<Context>::enter(Context*) [with Context = pyro::screw_gimbal_t]	16	static
E:/Develop/a_PYRo/PYRo-Hero/PYRo/Core/FSM/pyro_core_fsm.tpp:100:6:void pyro::fsm_t<Context>::execute(Context*) [with Context = pyro::screw_gimbal_t]	24	static
E:/Develop/a_PYRo/PYRo-Hero/PYRo/Core/FSM/pyro_core_fsm.tpp:138:6:void pyro::fsm_t<Context>::exit(Context*) [with Context = pyro::screw_gimbal_t]	16	static
E:/Develop/a_PYRo/PYRo-Hero/PYRo/Core/FSM/pyro_core_fsm.tpp:215:6:void pyro::fsm_t<Context>::on_enter(Context*) [with Context = pyro::screw_gimbal_t]	16	static
E:/Develop/a_PYRo/PYRo-Hero/PYRo/Core/FSM/pyro_core_fsm.tpp:218:6:void pyro::fsm_t<Context>::on_exit(Context*) [with Context = pyro::screw_gimbal_t]	16	static
E:/Develop/a_PYRo/PYRo-Hero/PYRo/Core/FSM/pyro_core_fsm.tpp:221:6:void pyro::fsm_t<Context>::on_execute(Context*) [with Context = pyro::screw_gimbal_t]	16	static
E:/Develop/a_PYRo/PYRo-Hero/PYRo/Module/pyro_module_base.tpp:122:10:pyro::status_t pyro::module_base_t<Derived, CmdType, ModuleDeps>::module_task_t::init() [with Derived = pyro::screw_gimbal_t; CmdType = pyro::screw_gimbal_cmd_t; ModuleDeps = pyro::screw_gimbal_deps_t]	16	static
E:/Develop/a_PYRo/PYRo-Hero/PYRo/Module/pyro_module_base.tpp:134:6:void pyro::module_base_t<Derived, CmdType, ModuleDeps>::module_task_t::run_loop() [with Derived = pyro::screw_gimbal_t; CmdType = pyro::screw_gimbal_cmd_t; ModuleDeps = pyro::screw_gimbal_deps_t]	16	static
E:/Develop/a_PYRo/PYRo-Hero/PYRo/Core/FSM/pyro_core_fsm.tpp:78:6:void pyro::fsm_t<Context>::enter(Context*) [with Context = pyro::quad_booster_t]	16	static
E:/Develop/a_PYRo/PYRo-Hero/PYRo/Core/FSM/pyro_core_fsm.tpp:100:6:void pyro::fsm_t<Context>::execute(Context*) [with Context = pyro::quad_booster_t]	24	static
E:/Develop/a_PYRo/PYRo-Hero/PYRo/Core/FSM/pyro_core_fsm.tpp:138:6:void pyro::fsm_t<Context>::exit(Context*) [with Context = pyro::quad_booster_t]	16	static
E:/Develop/a_PYRo/PYRo-Hero/PYRo/Core/FSM/pyro_core_fsm.tpp:215:6:void pyro::fsm_t<Context>::on_enter(Context*) [with Context = pyro::quad_booster_t]	16	static
E:/Develop/a_PYRo/PYRo-Hero/PYRo/Core/FSM/pyro_core_fsm.tpp:218:6:void pyro::fsm_t<Context>::on_exit(Context*) [with Context = pyro::quad_booster_t]	16	static
E:/Develop/a_PYRo/PYRo-Hero/PYRo/Core/FSM/pyro_core_fsm.tpp:221:6:void pyro::fsm_t<Context>::on_execute(Context*) [with Context = pyro::quad_booster_t]	16	static
E:/Develop/a_PYRo/PYRo-Hero/PYRo/Module/pyro_module_base.tpp:122:10:pyro::status_t pyro::module_base_t<Derived, CmdType, ModuleDeps>::module_task_t::init() [with Derived = pyro::quad_booster_t; CmdType = pyro::quad_booster_cmd_t; ModuleDeps = pyro::quad_deps_t]	16	static
E:/Develop/a_PYRo/PYRo-Hero/PYRo/Module/pyro_module_base.tpp:134:6:void pyro::module_base_t<Derived, CmdType, ModuleDeps>::module_task_t::run_loop() [with Derived = pyro::quad_booster_t; CmdType = pyro::quad_booster_cmd_t; ModuleDeps = pyro::quad_deps_t]	16	static
E:/Develop/a_PYRo/PYRo-Hero/PYRo/Core/FSM/pyro_core_fsm.tpp:186:6:bool pyro::fsm_t<Context>::process_switch(Context*) [with Context = pyro::screw_gimbal_t]	16	static
E:/Develop/a_PYRo/PYRo-Hero/PYRo/Core/FSM/pyro_core_fsm.tpp:50:19:pyro::state_t<Context>* pyro::state_t<Context>::fetch_request() [with Context = pyro::screw_gimbal_t]	24	static
E:/Develop/a_PYRo/PYRo-Hero/PYRo/Core/FSM/pyro_core_fsm.tpp:62:6:void pyro::state_t<Context>::discard_request() [with Context = pyro::screw_gimbal_t]	16	static
E:/Develop/a_PYRo/PYRo-Hero/PYRo/Module/pyro_module_base.tpp:93:6:void pyro::module_base_t<Derived, CmdType, ModuleDeps>::_run_loop_impl() [with Derived = pyro::screw_gimbal_t; CmdType = pyro::screw_gimbal_cmd_t; ModuleDeps = pyro::screw_gimbal_deps_t]	24	static
E:/Develop/a_PYRo/PYRo-Hero/PYRo/Core/FSM/pyro_core_fsm.tpp:186:6:bool pyro::fsm_t<Context>::process_switch(Context*) [with Context = pyro::quad_booster_t]	16	static
E:/Develop/a_PYRo/PYRo-Hero/PYRo/Core/FSM/pyro_core_fsm.tpp:50:19:pyro::state_t<Context>* pyro::state_t<Context>::fetch_request() [with Context = pyro::quad_booster_t]	24	static
E:/Develop/a_PYRo/PYRo-Hero/PYRo/Core/FSM/pyro_core_fsm.tpp:62:6:void pyro::state_t<Context>::discard_request() [with Context = pyro::quad_booster_t]	16	static
E:/Develop/a_PYRo/PYRo-Hero/PYRo/Module/pyro_module_base.tpp:93:6:void pyro::module_base_t<Derived, CmdType, ModuleDeps>::_run_loop_impl() [with Derived = pyro::quad_booster_t; CmdType = pyro::quad_booster_cmd_t; ModuleDeps = pyro::quad_deps_t]	24	static
E:/Develop/a_PYRo/PYRo-Hero/PYRo/Module/pyro_module_base.h:36:8:constexpr pyro::cmd_base_t& pyro::cmd_base_t::operator=(const pyro::cmd_base_t&)	16	static
E:/Develop/a_PYRo/PYRo-Hero/robot/sub_hero/Gimbal/pyro_screw_gimbal.h:17:8:constexpr pyro::screw_gimbal_cmd_t& pyro::screw_gimbal_cmd_t::operator=(const pyro::screw_gimbal_cmd_t&)	16	static
E:/Develop/a_PYRo/PYRo-Hero/PYRo/Module/pyro_module_base.tpp:72:6:void pyro::module_base_t<Derived, CmdType, ModuleDeps>::_update_command() [with Derived = pyro::screw_gimbal_t; CmdType = pyro::screw_gimbal_cmd_t; ModuleDeps = pyro::screw_gimbal_deps_t]	24	static
E:/Develop/a_PYRo/PYRo-Hero/robot/sub_hero/Booster/pyro_quad_booster.h:15:8:constexpr pyro::quad_booster_cmd_t& pyro::quad_booster_cmd_t::operator=(const pyro::quad_booster_cmd_t&)	16	static
E:/Develop/a_PYRo/PYRo-Hero/PYRo/Module/pyro_module_base.tpp:72:6:void pyro::module_base_t<Derived, CmdType, ModuleDeps>::_update_command() [with Derived = pyro::quad_booster_t; CmdType = pyro::quad_booster_cmd_t; ModuleDeps = pyro::quad_deps_t]	24	static
