E:/Develop/arm_gnu/14.3 rel1/arm-none-eabi/include/c++/14.3.1/cmath:181:3:constexpr float std::cos(float)	16	static
E:/Develop/arm_gnu/14.3 rel1/arm-none-eabi/include/c++/14.3.1/cmath:238:3:constexpr float std::fabs(float)	16	static
E:/Develop/arm_gnu/14.3 rel1/arm-none-eabi/include/c++/14.3.1/cmath:404:3:constexpr float std::sin(float)	16	static
E:/Develop/arm_gnu/14.3 rel1/arm-none-eabi/include/c++/14.3.1/cmath:442:3:constexpr float std::sqrt(float)	16	static
E:/Develop/arm_gnu/14.3 rel1/arm-none-eabi/include/c++/14.3.1/bits/char_traits.h:385:7:static constexpr std::size_t std::char_traits<char>::length(const char_type*)	16	static
E:/Develop/a_PYRo/PYRo-Hero/PYRo/Component/Referee/pyro_referee.h:52:28:uint16_t pyro::referee_drv_t::get_robot_id() const	16	static
E:/Develop/a_PYRo/PYRo-Hero/PYRo/Component/Referee/pyro_referee.h:60:41:const pyro::referee_data_t& pyro::referee_drv_t::get_data() const	16	static
E:/Develop/a_PYRo/PYRo-Hero/PYRo/Component/Referee/pyro_referee.h:64:24:bool pyro::referee_drv_t::is_online() const	16	static
E:/Develop/arm_gnu/14.3 rel1/arm-none-eabi/include/c++/14.3.1/arm-none-eabi/thumb/v7e-m+dp/hard/bits/gthr-default.h:229:1:int __gthread_key_delete(__gthread_key_t)	16	static
E:/Develop/a_PYRo/PYRo-Hero/PYRo/Module/pyro_module_base.h:47:13:pyro::cmd_base_t::~cmd_base_t()	16	static
E:/Develop/a_PYRo/PYRo-Hero/PYRo/Module/pyro_module_base.h:47:13:virtual pyro::cmd_base_t::~cmd_base_t()	16	static
E:/Develop/a_PYRo/PYRo-Hero/robot/sub_hero/Communication/Chassis_board/pyro_ui_com.cpp:27:13:bool {anonymous}::value_changed(float, float, float)	24	static
E:/Develop/a_PYRo/PYRo-Hero/robot/sub_hero/Communication/Chassis_board/pyro_ui_com.cpp:32:13:bool {anonymous}::mecanum_online_changed(const bool*, const bool*)	16	static
E:/Develop/a_PYRo/PYRo-Hero/robot/sub_hero/Communication/Chassis_board/pyro_ui_com.cpp:38:17:uint16_t {anonymous}::ui_coord(float)	16	static
E:/Develop/a_PYRo/PYRo-Hero/robot/sub_hero/Communication/Chassis_board/pyro_ui_com.cpp:116:19:{anonymous}::ui_point_t {anonymous}::point_on_angle(float, float, float, float)	32	static
E:/Develop/a_PYRo/PYRo-Hero/robot/sub_hero/Communication/Chassis_board/pyro_ui_com.cpp:123:19:{anonymous}::ui_point_t {anonymous}::relative_pos_center()	16	static
E:/Develop/a_PYRo/PYRo-Hero/robot/sub_hero/Communication/Chassis_board/pyro_ui_com.cpp:131:6:void {anonymous}::draw_cannon_line(pyro::ui_drv_t*, const char*, pyro::ui_operate, uint8_t, pyro::ui_color, uint16_t, float, float)	80	static
E:/Develop/a_PYRo/PYRo-Hero/robot/sub_hero/Communication/Chassis_board/pyro_ui_com.cpp:154:13:void info_update_test()	32	static
E:/Develop/a_PYRo/PYRo-Hero/robot/sub_hero/Communication/Chassis_board/pyro_ui_com.cpp:182:6:void pyro::ui_com::init(pyro::ui_drv_t*)	16	static
E:/Develop/a_PYRo/PYRo-Hero/robot/sub_hero/Communication/Chassis_board/pyro_ui_com.cpp:187:6:void pyro::ui_com::update_ctx(const pyro::ui_ctx_t&)	32	static
E:/Develop/a_PYRo/PYRo-Hero/robot/sub_hero/Communication/Chassis_board/pyro_ui_com.cpp:197:6:bool pyro::ui_com::refresh_check() const	16	static
E:/Develop/a_PYRo/PYRo-Hero/robot/sub_hero/Communication/Chassis_board/pyro_ui_com.cpp:202:6:void pyro::ui_com::refresh()	16	static
E:/Develop/a_PYRo/PYRo-Hero/robot/sub_hero/Communication/Chassis_board/pyro_ui_com.cpp:212:6:void pyro::ui_com::draw_static()	216	static
E:/Develop/a_PYRo/PYRo-Hero/robot/sub_hero/Communication/Chassis_board/pyro_ui_com.cpp:309:6:void pyro::ui_com::draw_dynamic()	32	static
E:/Develop/a_PYRo/PYRo-Hero/robot/sub_hero/Communication/Chassis_board/pyro_ui_com.cpp:371:6:void pyro::ui_com::draw_yaw()	40	static
E:/Develop/a_PYRo/PYRo-Hero/robot/sub_hero/Communication/Chassis_board/pyro_ui_com.cpp:379:6:void pyro::ui_com::draw_pitch()	40	static
E:/Develop/a_PYRo/PYRo-Hero/robot/sub_hero/Communication/Chassis_board/pyro_ui_com.cpp:387:6:void pyro::ui_com::draw_spd()	40	static
E:/Develop/a_PYRo/PYRo-Hero/robot/sub_hero/Communication/Chassis_board/pyro_ui_com.cpp:395:6:void pyro::ui_com::draw_pos()	40	static
E:/Develop/a_PYRo/PYRo-Hero/robot/sub_hero/Communication/Chassis_board/pyro_ui_com.cpp:411:6:void pyro::ui_com::draw_fric_state()	56	static
E:/Develop/a_PYRo/PYRo-Hero/robot/sub_hero/Communication/Chassis_board/pyro_ui_com.cpp:451:6:void pyro::ui_com::draw_trigger_located_state()	72	static
E:/Develop/a_PYRo/PYRo-Hero/robot/sub_hero/Communication/Chassis_board/pyro_ui_com.cpp:486:6:void pyro::ui_com::draw_lob_state()	64	static
E:/Develop/a_PYRo/PYRo-Hero/robot/sub_hero/Communication/Chassis_board/pyro_ui_com.cpp:516:6:void pyro::ui_com::draw_super_cap()	56	static
E:/Develop/a_PYRo/PYRo-Hero/robot/sub_hero/Communication/Chassis_board/pyro_ui_com.cpp:534:6:void pyro::ui_com::draw_relative_pos()	64	static
E:/Develop/a_PYRo/PYRo-Hero/robot/sub_hero/Communication/Chassis_board/pyro_ui_com.cpp:564:17:void hero_ui_thread(void*)	16	static
E:/Develop/a_PYRo/PYRo-Hero/robot/sub_hero/Communication/Chassis_board/pyro_ui_com.cpp:587:10:void hero_ui_init(void*)	32	static
E:/Develop/arm_gnu/14.3 rel1/arm-none-eabi/include/c++/14.3.1/bits/char_traits.h:199:5:static constexpr std::size_t __gnu_cxx::char_traits<_CharT>::length(const char_type*) [with _CharT = char]	24	static
E:/Develop/a_PYRo/PYRo-Hero/robot/sub_hero/Chassis/pyro_mec_chassis.h:15:8:pyro::mec_cmd_t::~mec_cmd_t()	16	static
E:/Develop/a_PYRo/PYRo-Hero/robot/sub_hero/Chassis/pyro_mec_chassis.h:15:8:virtual pyro::mec_cmd_t::~mec_cmd_t()	16	static
E:/Develop/a_PYRo/PYRo-Hero/PYRo/Module/pyro_module_base.h:105:11:pyro::module_base_t<pyro::mec_chassis_t, pyro::mec_cmd_t, pyro::mec_deps_t>::module_task_t::~module_task_t()	16	static
E:/Develop/a_PYRo/PYRo-Hero/PYRo/Module/pyro_module_base.h:105:11:virtual pyro::module_base_t<pyro::mec_chassis_t, pyro::mec_cmd_t, pyro::mec_deps_t>::module_task_t::~module_task_t()	16	static
E:/Develop/a_PYRo/PYRo-Hero/PYRo/Module/pyro_module_base.h:89:13:pyro::module_base_t<Derived, CmdType, ModuleDeps>::~module_base_t() [with Derived = pyro::mec_chassis_t; CmdType = pyro::mec_cmd_t; ModuleDeps = pyro::mec_deps_t]	24	static
E:/Develop/a_PYRo/PYRo-Hero/PYRo/Module/pyro_module_base.h:89:13:pyro::module_base_t<Derived, CmdType, ModuleDeps>::~module_base_t() [with Derived = pyro::mec_chassis_t; CmdType = pyro::mec_cmd_t; ModuleDeps = pyro::mec_deps_t]	16	static
E:/Develop/a_PYRo/PYRo-Hero/PYRo/Core/FSM/pyro_core_fsm.h:34:13:pyro::state_t<Context>::~state_t() [with Context = pyro::mec_chassis_t]	16	static
E:/Develop/a_PYRo/PYRo-Hero/PYRo/Core/FSM/pyro_core_fsm.h:34:13:pyro::state_t<Context>::~state_t() [with Context = pyro::mec_chassis_t]	16	static
E:/Develop/a_PYRo/PYRo-Hero/robot/sub_hero/Chassis/pyro_mec_chassis.h:113:12:pyro::mec_chassis_t::state_passive_t::~state_passive_t()	16	static
E:/Develop/a_PYRo/PYRo-Hero/robot/sub_hero/Chassis/pyro_mec_chassis.h:113:12:virtual pyro::mec_chassis_t::state_passive_t::~state_passive_t()	16	static
E:/Develop/a_PYRo/PYRo-Hero/robot/sub_hero/Chassis/pyro_mec_chassis.h:120:12:pyro::mec_chassis_t::state_active_t::~state_active_t()	16	static
E:/Develop/a_PYRo/PYRo-Hero/robot/sub_hero/Chassis/pyro_mec_chassis.h:120:12:virtual pyro::mec_chassis_t::state_active_t::~state_active_t()	16	static
E:/Develop/a_PYRo/PYRo-Hero/PYRo/Core/FSM/pyro_core_fsm.h:95:35:pyro::fsm_t<pyro::mec_chassis_t>::~fsm_t()	16	static
E:/Develop/a_PYRo/PYRo-Hero/PYRo/Core/FSM/pyro_core_fsm.h:95:35:virtual pyro::fsm_t<pyro::mec_chassis_t>::~fsm_t()	16	static
E:/Develop/a_PYRo/PYRo-Hero/robot/sub_hero/Chassis/pyro_mec_chassis.h:61:5:pyro::mec_chassis_t::~mec_chassis_t()	16	static
E:/Develop/a_PYRo/PYRo-Hero/robot/sub_hero/Chassis/pyro_mec_chassis.h:61:5:virtual pyro::mec_chassis_t::~mec_chassis_t()	16	static
E:/Develop/a_PYRo/PYRo-Hero/PYRo/Module/pyro_module_base.h:58:21:static Derived* pyro::module_base_t<Derived, CmdType, ModuleDeps>::instance() [with Derived = pyro::mec_chassis_t; CmdType = pyro::mec_cmd_t; ModuleDeps = pyro::mec_deps_t]	8	static
E:/Develop/arm_gnu/14.3 rel1/arm-none-eabi/include/c++/14.3.1/bits/basic_string.h:646:7:std::__cxx11::basic_string<_CharT, _Traits, _Alloc>::basic_string(const _CharT*, const _Alloc&) [with <template-parameter-2-1> = std::allocator<char>; _CharT = char; _Traits = std::char_traits<char>; _Alloc = std::allocator<char>]	40	static
E:/Develop/arm_gnu/14.3 rel1/arm-none-eabi/include/c++/14.3.1/bits/char_traits.h:136:7:static constexpr bool __gnu_cxx::char_traits<_CharT>::eq(const char_type&, const char_type&) [with _CharT = char]	16	static
E:/Develop/arm_gnu/14.3 rel1/arm-none-eabi/include/c++/14.3.1/bits/new_allocator.h:104:7:std::__new_allocator<_Tp>::~__new_allocator() [with _Tp = char]	16	static
E:/Develop/arm_gnu/14.3 rel1/arm-none-eabi/include/c++/14.3.1/bits/basic_string.tcc:239:13:std::__cxx11::basic_string<_CharT, _Traits, _Alloc>::_M_construct(_InIterator, _InIterator, std::forward_iterator_tag)::_Guard::_Guard(std::__cxx11::basic_string<_CharT, _Traits, _Alloc>*) [with _InIterator = const char*; _CharT = char; _Traits = std::char_traits<char>; _Alloc = std::allocator<char>]	16	static
E:/Develop/arm_gnu/14.3 rel1/arm-none-eabi/include/c++/14.3.1/bits/basic_string.tcc:242:4:std::__cxx11::basic_string<_CharT, _Traits, _Alloc>::_M_construct(_InIterator, _InIterator, std::forward_iterator_tag)::_Guard::~_Guard() [with _InIterator = const char*; _CharT = char; _Traits = std::char_traits<char>; _Alloc = std::allocator<char>]	16	static
E:/Develop/arm_gnu/14.3 rel1/arm-none-eabi/include/c++/14.3.1/bits/basic_string.tcc:221:7:void std::__cxx11::basic_string<_CharT, _Traits, _Alloc>::_M_construct(_InIterator, _InIterator, std::forward_iterator_tag) [with _FwdIterator = const char*; _CharT = char; _Traits = std::char_traits<char>; _Alloc = std::allocator<char>]	56	static
E:/Develop/a_PYRo/PYRo-Hero/PYRo/Core/FSM/pyro_core_fsm.tpp:78:6:void pyro::fsm_t<Context>::enter(Context*) [with Context = pyro::mec_chassis_t]	16	static
E:/Develop/a_PYRo/PYRo-Hero/PYRo/Core/FSM/pyro_core_fsm.tpp:100:6:void pyro::fsm_t<Context>::execute(Context*) [with Context = pyro::mec_chassis_t]	24	static
E:/Develop/a_PYRo/PYRo-Hero/PYRo/Core/FSM/pyro_core_fsm.tpp:138:6:void pyro::fsm_t<Context>::exit(Context*) [with Context = pyro::mec_chassis_t]	16	static
E:/Develop/a_PYRo/PYRo-Hero/PYRo/Core/FSM/pyro_core_fsm.tpp:215:6:void pyro::fsm_t<Context>::on_enter(Context*) [with Context = pyro::mec_chassis_t]	16	static
E:/Develop/a_PYRo/PYRo-Hero/PYRo/Core/FSM/pyro_core_fsm.tpp:218:6:void pyro::fsm_t<Context>::on_exit(Context*) [with Context = pyro::mec_chassis_t]	16	static
E:/Develop/a_PYRo/PYRo-Hero/PYRo/Core/FSM/pyro_core_fsm.tpp:221:6:void pyro::fsm_t<Context>::on_execute(Context*) [with Context = pyro::mec_chassis_t]	16	static
E:/Develop/a_PYRo/PYRo-Hero/PYRo/Module/pyro_module_base.tpp:122:10:pyro::status_t pyro::module_base_t<Derived, CmdType, ModuleDeps>::module_task_t::init() [with Derived = pyro::mec_chassis_t; CmdType = pyro::mec_cmd_t; ModuleDeps = pyro::mec_deps_t]	16	static
E:/Develop/a_PYRo/PYRo-Hero/PYRo/Module/pyro_module_base.tpp:134:6:void pyro::module_base_t<Derived, CmdType, ModuleDeps>::module_task_t::run_loop() [with Derived = pyro::mec_chassis_t; CmdType = pyro::mec_cmd_t; ModuleDeps = pyro::mec_deps_t]	16	static
E:/Develop/a_PYRo/PYRo-Hero/PYRo/Core/FSM/pyro_core_fsm.tpp:186:6:bool pyro::fsm_t<Context>::process_switch(Context*) [with Context = pyro::mec_chassis_t]	16	static
E:/Develop/a_PYRo/PYRo-Hero/PYRo/Core/FSM/pyro_core_fsm.tpp:50:19:pyro::state_t<Context>* pyro::state_t<Context>::fetch_request() [with Context = pyro::mec_chassis_t]	24	static
E:/Develop/a_PYRo/PYRo-Hero/PYRo/Core/FSM/pyro_core_fsm.tpp:62:6:void pyro::state_t<Context>::discard_request() [with Context = pyro::mec_chassis_t]	16	static
E:/Develop/a_PYRo/PYRo-Hero/PYRo/Module/pyro_module_base.tpp:93:6:void pyro::module_base_t<Derived, CmdType, ModuleDeps>::_run_loop_impl() [with Derived = pyro::mec_chassis_t; CmdType = pyro::mec_cmd_t; ModuleDeps = pyro::mec_deps_t]	24	static
E:/Develop/a_PYRo/PYRo-Hero/PYRo/Module/pyro_module_base.h:36:8:constexpr pyro::cmd_base_t& pyro::cmd_base_t::operator=(const pyro::cmd_base_t&)	16	static
E:/Develop/a_PYRo/PYRo-Hero/robot/sub_hero/Chassis/pyro_mec_chassis.h:15:8:constexpr pyro::mec_cmd_t& pyro::mec_cmd_t::operator=(const pyro::mec_cmd_t&)	16	static
E:/Develop/a_PYRo/PYRo-Hero/PYRo/Module/pyro_module_base.tpp:72:6:void pyro::module_base_t<Derived, CmdType, ModuleDeps>::_update_command() [with Derived = pyro::mec_chassis_t; CmdType = pyro::mec_cmd_t; ModuleDeps = pyro::mec_deps_t]	24	static
