E:/Develop/a_PYRo/PYRo-Hero/PYRo/Peripheral/UART/pyro_bsp_uart.cpp:20:13:static pyro::uart_drv_t& pyro::bsp_uart::get_uart1()	8	static
E:/Develop/a_PYRo/PYRo-Hero/PYRo/Peripheral/UART/pyro_bsp_uart.cpp:26:13:static pyro::uart_drv_t& pyro::bsp_uart::get_uart5()	8	static
E:/Develop/a_PYRo/PYRo-Hero/PYRo/Peripheral/UART/pyro_bsp_uart.cpp:34:13:static pyro::uart_drv_t& pyro::bsp_uart::get_uart7()	8	static
E:/Develop/a_PYRo/PYRo-Hero/PYRo/Peripheral/UART/pyro_bsp_uart.cpp:40:13:static pyro::uart_drv_t& pyro::bsp_uart::get_uart10()	8	static
E:/Develop/a_PYRo/PYRo-Hero/PYRo/Peripheral/UART/pyro_bsp_uart.cpp:46:6:static void pyro::bsp_uart::init_all()	8	static
