E:/Develop/a_PYRo/PYRo-Hero/PYRo/Device/BMI088/BMI088_middleware.cpp:6:6:void BMI088_ACCEL_NS_L()	8	static
E:/Develop/a_PYRo/PYRo-Hero/PYRo/Device/BMI088/BMI088_middleware.cpp:10:6:void BMI088_ACCEL_NS_H()	8	static
E:/Develop/a_PYRo/PYRo-Hero/PYRo/Device/BMI088/BMI088_middleware.cpp:15:6:void BMI088_GYRO_NS_L()	8	static
E:/Develop/a_PYRo/PYRo-Hero/PYRo/Device/BMI088/BMI088_middleware.cpp:19:6:void BMI088_GYRO_NS_H()	8	static
E:/Develop/a_PYRo/PYRo-Hero/PYRo/Device/BMI088/BMI088_middleware.cpp:24:9:uint8_t BMI088_read_write_byte(uint8_t)	32	static
