E:/Develop/arm_gnu/14.3 rel1/arm-none-eabi/include/c++/14.3.1/new:179:33:void* operator new(std::size_t, void*)	16	static
E:/Develop/arm_gnu/14.3 rel1/arm-none-eabi/include/c++/14.3.1/bits/std_function.h:85:17:void* std::_Any_data::_M_access()	16	static
E:/Develop/arm_gnu/14.3 rel1/arm-none-eabi/include/c++/14.3.1/bits/std_function.h:86:17:const void* std::_Any_data::_M_access() const	16	static
E:/Develop/arm_gnu/14.3 rel1/arm-none-eabi/include/c++/14.3.1/bits/std_function.h:241:5:std::_Function_base::~_Function_base()	16	static
E:/Develop/a_PYRo/PYRo-Hero/PYRo/Component/RC/pyro_rc_base_drv.cpp:9:1:pyro::rc_drv_t::rc_task_t::rc_task_t(pyro::rc_drv_t*, const char*)	32	static
E:/Develop/a_PYRo/PYRo-Hero/PYRo/Component/RC/pyro_rc_base_drv.cpp:16:15:static pyro::virtual_rc_t& pyro::rc_drv_t::read()	4	static
E:/Develop/a_PYRo/PYRo-Hero/PYRo/Component/RC/pyro_rc_base_drv.cpp:21:10:virtual pyro::status_t pyro::rc_drv_t::rc_task_t::init()	16	static
E:/Develop/a_PYRo/PYRo-Hero/PYRo/Component/RC/pyro_rc_base_drv.cpp:26:6:virtual void pyro::rc_drv_t::rc_task_t::run_loop()	16	static
E:/Develop/a_PYRo/PYRo-Hero/PYRo/Component/RC/pyro_rc_base_drv.h:50:11:pyro::rc_drv_t::rc_task_t::~rc_task_t()	16	static
E:/Develop/a_PYRo/PYRo-Hero/PYRo/Component/RC/pyro_rc_base_drv.h:50:11:virtual pyro::rc_drv_t::rc_task_t::~rc_task_t()	16	static
E:/Develop/a_PYRo/PYRo-Hero/PYRo/Component/RC/pyro_rc_base_drv.cpp:34:1:pyro::rc_drv_t::rc_drv_t(pyro::uart_drv_t&, const char*, uint8_t, uint16_t)	24	static
E:/Develop/a_PYRo/PYRo-Hero/PYRo/Component/RC/pyro_rc_base_drv.cpp:42:6:void pyro::rc_drv_t::start()	16	static
E:/Develop/a_PYRo/PYRo-Hero/PYRo/Component/RC/pyro_rc_base_drv.cpp:47:6:void pyro::rc_drv_t::stop()	16	static
E:/Develop/a_PYRo/PYRo-Hero/PYRo/Component/RC/pyro_rc_base_drv.cpp:52:10:pyro::status_t pyro::rc_drv_t::task_init()	16	static
E:/Develop/a_PYRo/PYRo-Hero/PYRo/Component/RC/pyro_rc_base_drv.cpp:65:9:pyro::rc_drv_t::enable()::<lambda(const uint8_t*, uint16_t, BaseType_t&)>	24	static
E:/Develop/arm_gnu/14.3 rel1/arm-none-eabi/include/c++/14.3.1/bits/std_function.h:334:11:std::function<bool(unsigned char*, short unsigned int, long int&)>::~function()	16	static
E:/Develop/a_PYRo/PYRo-Hero/PYRo/Component/RC/pyro_rc_base_drv.cpp:62:6:void pyro::rc_drv_t::enable()	48	static
E:/Develop/a_PYRo/PYRo-Hero/PYRo/Component/RC/pyro_rc_base_drv.cpp:71:6:void pyro::rc_drv_t::disable()	16	static
E:/Develop/a_PYRo/PYRo-Hero/PYRo/Component/RC/pyro_rc_base_drv.cpp:78:6:bool pyro::rc_drv_t::rc_callback(const uint8_t*, uint16_t, BaseType_t&)	24	static
E:/Develop/a_PYRo/PYRo-Hero/PYRo/Component/RC/pyro_rc_base_drv.cpp:93:6:void pyro::rc_drv_t::task_run_loop()	24	static
E:/Develop/a_PYRo/PYRo-Hero/PYRo/Component/RC/pyro_rc_base_drv.cpp:119:10:static pyro::rw_lock& pyro::rc_drv_t::get_lock()	8	static
E:/Develop/a_PYRo/PYRo-Hero/PYRo/Component/RC/pyro_rc_base_drv.cpp:125:6:bool pyro::rc_drv_t::check_online() const	16	static
E:/Develop/a_PYRo/PYRo-Hero/PYRo/Component/RC/pyro_rc_base_drv.cpp:130:1:pyro::rc_drv_t::~rc_drv_t()	16	static
E:/Develop/a_PYRo/PYRo-Hero/PYRo/Component/RC/pyro_rc_base_drv.cpp:130:1:virtual pyro::rc_drv_t::~rc_drv_t()	16	static
E:/Develop/arm_gnu/14.3 rel1/arm-none-eabi/include/c++/14.3.1/bits/std_function.h:239:5:constexpr std::_Function_base::_Function_base()	16	static
E:/Develop/arm_gnu/14.3 rel1/arm-none-eabi/include/c++/14.3.1/bits/std_function.h:435:2:)>::function(_Functor&&) [with _Functor = pyro::rc_drv_t::enable()::<lambda(const uint8_t*, uint16_t, BaseType_t&)>; _Constraints = void; _Res = bool; _ArgTypes = {unsigned char*, short unsigned int, long int&}]	24	static
E:/Develop/arm_gnu/14.3 rel1/arm-none-eabi/include/c++/14.3.1/bits/std_function.h:235:4:static bool std::_Function_base::_Base_manager<_Functor>::_M_not_empty_function(const _Tp&) [with _Tp = pyro::rc_drv_t::enable()::<lambda(const uint8_t*, uint16_t, BaseType_t&)>; _Functor = pyro::rc_drv_t::enable()::<lambda(const uint8_t*, uint16_t, BaseType_t&)>]	16	static
E:/Develop/arm_gnu/14.3 rel1/arm-none-eabi/include/c++/14.3.1/bits/move.h:71:5:constexpr _Tp&& std::forward(typename remove_reference<_Functor>::type&) [with _Tp = pyro::rc_drv_t::enable()::<lambda(const uint8_t*, uint16_t, BaseType_t&)>]	16	static
E:/Develop/arm_gnu/14.3 rel1/arm-none-eabi/include/c++/14.3.1/bits/std_function.h:211:4:static void std::_Function_base::_Base_manager<_Functor>::_M_init_functor(std::_Any_data&, _Fn&&) [with _Fn = pyro::rc_drv_t::enable()::<lambda(const uint8_t*, uint16_t, BaseType_t&)>; _Functor = pyro::rc_drv_t::enable()::<lambda(const uint8_t*, uint16_t, BaseType_t&)>]	24	static
E:/Develop/arm_gnu/14.3 rel1/arm-none-eabi/include/c++/14.3.1/bits/std_function.h:288:7:) [with _Res = bool; _Functor = pyro::rc_drv_t::enable()::<lambda(const uint8_t*, uint16_t, BaseType_t&)>; _ArgTypes = {unsigned char*, short unsigned int, long int&}]	40	static
E:/Develop/arm_gnu/14.3 rel1/arm-none-eabi/include/c++/14.3.1/bits/std_function.h:267:7:), _Functor>::_M_manager(std::_Any_data&, const std::_Any_data&, std::_Manager_operation) [with _Res = bool; _Functor = pyro::rc_drv_t::enable()::<lambda(const uint8_t*, uint16_t, BaseType_t&)>; _ArgTypes = {unsigned char*, short unsigned int, long int&}]	32	static
E:/Develop/arm_gnu/14.3 rel1/arm-none-eabi/include/c++/14.3.1/bits/std_function.h:150:4:static void std::_Function_base::_Base_manager<_Functor>::_M_create(std::_Any_data&, _Fn&&, std::true_type) [with _Fn = pyro::rc_drv_t::enable()::<lambda(const uint8_t*, uint16_t, BaseType_t&)>; _Functor = pyro::rc_drv_t::enable()::<lambda(const uint8_t*, uint16_t, BaseType_t&)>]	32	static
E:/Develop/arm_gnu/14.3 rel1/arm-none-eabi/include/c++/14.3.1/bits/std_function.h:134:2:static _Functor* std::_Function_base::_Base_manager<_Functor>::_M_get_pointer(const std::_Any_data&) [with _Functor = pyro::rc_drv_t::enable()::<lambda(const uint8_t*, uint16_t, BaseType_t&)>]	24	static
E:/Develop/arm_gnu/14.3 rel1/arm-none-eabi/include/c++/14.3.1/bits/move.h:71:5:constexpr _Tp&& std::forward(typename remove_reference<_Functor>::type&) [with _Tp = unsigned char*]	16	static
E:/Develop/arm_gnu/14.3 rel1/arm-none-eabi/include/c++/14.3.1/bits/move.h:71:5:constexpr _Tp&& std::forward(typename remove_reference<_Functor>::type&) [with _Tp = short unsigned int]	16	static
E:/Develop/arm_gnu/14.3 rel1/arm-none-eabi/include/c++/14.3.1/bits/move.h:71:5:constexpr _Tp&& std::forward(typename remove_reference<_Functor>::type&) [with _Tp = long int&]	16	static
E:/Develop/arm_gnu/14.3 rel1/arm-none-eabi/include/c++/14.3.1/bits/invoke.h:104:5:) [with _Res = bool; _Callable = pyro::rc_drv_t::enable()::<lambda(const uint8_t*, uint16_t, BaseType_t&)>&; _Args = {unsigned char*, short unsigned int, long int&}]	48	static
E:/Develop/arm_gnu/14.3 rel1/arm-none-eabi/include/c++/14.3.1/bits/std_function.h:90:7:_Tp& std::_Any_data::_M_access() [with _Tp = pyro::rc_drv_t::enable()::<lambda(const uint8_t*, uint16_t, BaseType_t&)>*]	16	static
E:/Develop/arm_gnu/14.3 rel1/arm-none-eabi/include/c++/14.3.1/bits/std_function.h:180:2:static bool std::_Function_base::_Base_manager<_Functor>::_M_manager(std::_Any_data&, const std::_Any_data&, std::_Manager_operation) [with _Functor = pyro::rc_drv_t::enable()::<lambda(const uint8_t*, uint16_t, BaseType_t&)>]	32	static
E:/Develop/arm_gnu/14.3 rel1/arm-none-eabi/include/c++/14.3.1/bits/std_function.h:95:7:const _Tp& std::_Any_data::_M_access() const [with _Tp = pyro::rc_drv_t::enable()::<lambda(const uint8_t*, uint16_t, BaseType_t&)>]	16	static
E:/Develop/arm_gnu/14.3 rel1/arm-none-eabi/include/c++/14.3.1/bits/move.h:51:5:constexpr _Tp* std::__addressof(_Tp&) [with _Tp = const pyro::rc_drv_t::enable()::<lambda(const uint8_t*, uint16_t, BaseType_t&)>]	16	static
E:/Develop/arm_gnu/14.3 rel1/arm-none-eabi/include/c++/14.3.1/bits/move.h:71:5:constexpr _Tp&& std::forward(typename remove_reference<_Functor>::type&) [with _Tp = pyro::rc_drv_t::enable()::<lambda(const uint8_t*, uint16_t, BaseType_t&)>&]	16	static
E:/Develop/arm_gnu/14.3 rel1/arm-none-eabi/include/c++/14.3.1/bits/invoke.h:60:5:) [with _Res = bool; _Fn = pyro::rc_drv_t::enable()::<lambda(const uint8_t*, uint16_t, BaseType_t&)>&; _Args = {unsigned char*, short unsigned int, long int&}]	40	static
E:/Develop/arm_gnu/14.3 rel1/arm-none-eabi/include/c++/14.3.1/bits/std_function.h:90:7:_Tp& std::_Any_data::_M_access() [with _Tp = const std::type_info*]	16	static
E:/Develop/arm_gnu/14.3 rel1/arm-none-eabi/include/c++/14.3.1/bits/std_function.h:211:4:static void std::_Function_base::_Base_manager<_Functor>::_M_init_functor(std::_Any_data&, _Fn&&) [with _Fn = const pyro::rc_drv_t::enable()::<lambda(const uint8_t*, uint16_t, BaseType_t&)>&; _Functor = pyro::rc_drv_t::enable()::<lambda(const uint8_t*, uint16_t, BaseType_t&)>]	24	static
E:/Develop/arm_gnu/14.3 rel1/arm-none-eabi/include/c++/14.3.1/bits/std_function.h:166:2:static void std::_Function_base::_Base_manager<_Functor>::_M_destroy(std::_Any_data&, std::true_type) [with _Functor = pyro::rc_drv_t::enable()::<lambda(const uint8_t*, uint16_t, BaseType_t&)>]	16	static
E:/Develop/arm_gnu/14.3 rel1/arm-none-eabi/include/c++/14.3.1/bits/move.h:71:5:constexpr _Tp&& std::forward(typename remove_reference<_Functor>::type&) [with _Tp = const pyro::rc_drv_t::enable()::<lambda(const uint8_t*, uint16_t, BaseType_t&)>&]	16	static
E:/Develop/arm_gnu/14.3 rel1/arm-none-eabi/include/c++/14.3.1/bits/std_function.h:150:4:static void std::_Function_base::_Base_manager<_Functor>::_M_create(std::_Any_data&, _Fn&&, std::true_type) [with _Fn = const pyro::rc_drv_t::enable()::<lambda(const uint8_t*, uint16_t, BaseType_t&)>&; _Functor = pyro::rc_drv_t::enable()::<lambda(const uint8_t*, uint16_t, BaseType_t&)>]	32	static
E:/Develop/arm_gnu/14.3 rel1/arm-none-eabi/include/c++/14.3.1/bits/std_function.h:90:7:_Tp& std::_Any_data::_M_access() [with _Tp = pyro::rc_drv_t::enable()::<lambda(const uint8_t*, uint16_t, BaseType_t&)>]	16	static
