E:/Develop/arm_gnu/14.3 rel1/arm-none-eabi/include/c++/14.3.1/new:179:33:void* operator new(std::size_t, void*)	16	static
E:/Develop/arm_gnu/14.3 rel1/arm-none-eabi/include/c++/14.3.1/bits/std_function.h:85:17:void* std::_Any_data::_M_access()	16	static
E:/Develop/arm_gnu/14.3 rel1/arm-none-eabi/include/c++/14.3.1/bits/std_function.h:86:17:const void* std::_Any_data::_M_access() const	16	static
E:/Develop/arm_gnu/14.3 rel1/arm-none-eabi/include/c++/14.3.1/bits/std_function.h:241:5:std::_Function_base::~_Function_base()	16	static
E:/Develop/a_PYRo/PYRo-Hero/PYRo/Component/Supercap/pyro_supercap_drv.h:101:18:pyro::supercap_drv_t::supercap_task_t::supercap_task_t(pyro::supercap_drv_t*)	24	static
E:/Develop/a_PYRo/PYRo-Hero/PYRo/Component/Supercap/pyro_supercap_drv.cpp:24:10:virtual pyro::status_t pyro::supercap_drv_t::supercap_task_t::init()	16	static
E:/Develop/a_PYRo/PYRo-Hero/PYRo/Component/Supercap/pyro_supercap_drv.cpp:34:6:virtual void pyro::supercap_drv_t::supercap_task_t::run_loop()	16	static
E:/Develop/a_PYRo/PYRo-Hero/PYRo/Component/Supercap/pyro_supercap_drv.cpp:47:17:static pyro::supercap_drv_t* pyro::supercap_drv_t::get_instance()	8	static
E:/Develop/a_PYRo/PYRo-Hero/PYRo/Component/Supercap/pyro_supercap_drv.cpp:54:1:pyro::supercap_drv_t::supercap_drv_t(pyro::uart_drv_t*)	32	static
E:/Develop/a_PYRo/PYRo-Hero/PYRo/Component/Supercap/pyro_supercap_drv.h:96:11:pyro::supercap_drv_t::supercap_task_t::~supercap_task_t()	16	static
E:/Develop/a_PYRo/PYRo-Hero/PYRo/Component/Supercap/pyro_supercap_drv.h:96:11:virtual pyro::supercap_drv_t::supercap_task_t::~supercap_task_t()	16	static
E:/Develop/a_PYRo/PYRo-Hero/PYRo/Component/Supercap/pyro_supercap_drv.cpp:73:1:pyro::supercap_drv_t::~supercap_drv_t()	16	static
E:/Develop/a_PYRo/PYRo-Hero/PYRo/Component/Supercap/pyro_supercap_drv.cpp:104:6:void pyro::supercap_drv_t::start_rx() const	16	static
E:/Develop/a_PYRo/PYRo-Hero/PYRo/Component/Supercap/pyro_supercap_drv.cpp:130:9:pyro::supercap_drv_t::init_impl()::<lambda(const uint8_t*, uint16_t, BaseType_t&)>	24	static
E:/Develop/arm_gnu/14.3 rel1/arm-none-eabi/include/c++/14.3.1/bits/std_function.h:334:11:std::function<bool(unsigned char*, short unsigned int, long int&)>::~function()	16	static
E:/Develop/a_PYRo/PYRo-Hero/PYRo/Component/Supercap/pyro_supercap_drv.cpp:116:6:void pyro::supercap_drv_t::init_impl()	48	static
E:/Develop/a_PYRo/PYRo-Hero/PYRo/Component/Supercap/pyro_supercap_drv.cpp:137:6:void pyro::supercap_drv_t::run_loop_impl()	16	static
E:/Develop/a_PYRo/PYRo-Hero/PYRo/Component/Supercap/pyro_supercap_drv.cpp:174:6:bool pyro::supercap_drv_t::rx_callback(const uint8_t*, uint16_t, BaseType_t&) const	24	static
E:/Develop/a_PYRo/PYRo-Hero/PYRo/Component/Supercap/pyro_supercap_drv.cpp:190:10:static pyro::status_t pyro::supercap_drv_t::error_check(const rx_packet_t*)	16	static
E:/Develop/a_PYRo/PYRo-Hero/PYRo/Component/Supercap/pyro_supercap_drv.cpp:211:6:void pyro::supercap_drv_t::unpack(const rx_packet_t*)	16	static
E:/Develop/a_PYRo/PYRo-Hero/PYRo/Component/Supercap/pyro_supercap_drv.cpp:217:10:pyro::status_t pyro::supercap_drv_t::send_cmd(const chassis_cmd_t&) const	16	static
E:/Develop/a_PYRo/PYRo-Hero/PYRo/Component/Supercap/pyro_supercap_drv.cpp:242:39:const pyro::supercap_drv_t::cap_feedback_t& pyro::supercap_drv_t::get_feedback() const	16	static
E:/Develop/a_PYRo/PYRo-Hero/PYRo/Component/Supercap/pyro_supercap_drv.cpp:247:6:bool pyro::supercap_drv_t::check_online() const	16	static
E:/Develop/arm_gnu/14.3 rel1/arm-none-eabi/include/c++/14.3.1/bits/std_function.h:239:5:constexpr std::_Function_base::_Function_base()	16	static
E:/Develop/arm_gnu/14.3 rel1/arm-none-eabi/include/c++/14.3.1/bits/std_function.h:435:2:)>::function(_Functor&&) [with _Functor = pyro::supercap_drv_t::init_impl()::<lambda(const uint8_t*, uint16_t, BaseType_t&)>; _Constraints = void; _Res = bool; _ArgTypes = {unsigned char*, short unsigned int, long int&}]	24	static
E:/Develop/arm_gnu/14.3 rel1/arm-none-eabi/include/c++/14.3.1/bits/std_function.h:235:4:static bool std::_Function_base::_Base_manager<_Functor>::_M_not_empty_function(const _Tp&) [with _Tp = pyro::supercap_drv_t::init_impl()::<lambda(const uint8_t*, uint16_t, BaseType_t&)>; _Functor = pyro::supercap_drv_t::init_impl()::<lambda(const uint8_t*, uint16_t, BaseType_t&)>]	16	static
E:/Develop/arm_gnu/14.3 rel1/arm-none-eabi/include/c++/14.3.1/bits/move.h:71:5:constexpr _Tp&& std::forward(typename remove_reference<_Functor>::type&) [with _Tp = pyro::supercap_drv_t::init_impl()::<lambda(const uint8_t*, uint16_t, BaseType_t&)>]	16	static
E:/Develop/arm_gnu/14.3 rel1/arm-none-eabi/include/c++/14.3.1/bits/std_function.h:211:4:static void std::_Function_base::_Base_manager<_Functor>::_M_init_functor(std::_Any_data&, _Fn&&) [with _Fn = pyro::supercap_drv_t::init_impl()::<lambda(const uint8_t*, uint16_t, BaseType_t&)>; _Functor = pyro::supercap_drv_t::init_impl()::<lambda(const uint8_t*, uint16_t, BaseType_t&)>]	24	static
E:/Develop/arm_gnu/14.3 rel1/arm-none-eabi/include/c++/14.3.1/bits/std_function.h:288:7:) [with _Res = bool; _Functor = pyro::supercap_drv_t::init_impl()::<lambda(const uint8_t*, uint16_t, BaseType_t&)>; _ArgTypes = {unsigned char*, short unsigned int, long int&}]	40	static
E:/Develop/arm_gnu/14.3 rel1/arm-none-eabi/include/c++/14.3.1/bits/std_function.h:267:7:), _Functor>::_M_manager(std::_Any_data&, const std::_Any_data&, std::_Manager_operation) [with _Res = bool; _Functor = pyro::supercap_drv_t::init_impl()::<lambda(const uint8_t*, uint16_t, BaseType_t&)>; _ArgTypes = {unsigned char*, short unsigned int, long int&}]	32	static
E:/Develop/arm_gnu/14.3 rel1/arm-none-eabi/include/c++/14.3.1/bits/std_function.h:150:4:static void std::_Function_base::_Base_manager<_Functor>::_M_create(std::_Any_data&, _Fn&&, std::true_type) [with _Fn = pyro::supercap_drv_t::init_impl()::<lambda(const uint8_t*, uint16_t, BaseType_t&)>; _Functor = pyro::supercap_drv_t::init_impl()::<lambda(const uint8_t*, uint16_t, BaseType_t&)>]	32	static
E:/Develop/arm_gnu/14.3 rel1/arm-none-eabi/include/c++/14.3.1/bits/std_function.h:134:2:static _Functor* std::_Function_base::_Base_manager<_Functor>::_M_get_pointer(const std::_Any_data&) [with _Functor = pyro::supercap_drv_t::init_impl()::<lambda(const uint8_t*, uint16_t, BaseType_t&)>]	24	static
E:/Develop/arm_gnu/14.3 rel1/arm-none-eabi/include/c++/14.3.1/bits/move.h:71:5:constexpr _Tp&& std::forward(typename remove_reference<_Functor>::type&) [with _Tp = unsigned char*]	16	static
E:/Develop/arm_gnu/14.3 rel1/arm-none-eabi/include/c++/14.3.1/bits/move.h:71:5:constexpr _Tp&& std::forward(typename remove_reference<_Functor>::type&) [with _Tp = short unsigned int]	16	static
E:/Develop/arm_gnu/14.3 rel1/arm-none-eabi/include/c++/14.3.1/bits/move.h:71:5:constexpr _Tp&& std::forward(typename remove_reference<_Functor>::type&) [with _Tp = long int&]	16	static
E:/Develop/arm_gnu/14.3 rel1/arm-none-eabi/include/c++/14.3.1/bits/invoke.h:104:5:) [with _Res = bool; _Callable = pyro::supercap_drv_t::init_impl()::<lambda(const uint8_t*, uint16_t, BaseType_t&)>&; _Args = {unsigned char*, short unsigned int, long int&}]	48	static
E:/Develop/arm_gnu/14.3 rel1/arm-none-eabi/include/c++/14.3.1/bits/std_function.h:90:7:_Tp& std::_Any_data::_M_access() [with _Tp = pyro::supercap_drv_t::init_impl()::<lambda(const uint8_t*, uint16_t, BaseType_t&)>*]	16	static
E:/Develop/arm_gnu/14.3 rel1/arm-none-eabi/include/c++/14.3.1/bits/std_function.h:180:2:static bool std::_Function_base::_Base_manager<_Functor>::_M_manager(std::_Any_data&, const std::_Any_data&, std::_Manager_operation) [with _Functor = pyro::supercap_drv_t::init_impl()::<lambda(const uint8_t*, uint16_t, BaseType_t&)>]	32	static
E:/Develop/arm_gnu/14.3 rel1/arm-none-eabi/include/c++/14.3.1/bits/std_function.h:95:7:const _Tp& std::_Any_data::_M_access() const [with _Tp = pyro::supercap_drv_t::init_impl()::<lambda(const uint8_t*, uint16_t, BaseType_t&)>]	16	static
E:/Develop/arm_gnu/14.3 rel1/arm-none-eabi/include/c++/14.3.1/bits/move.h:51:5:constexpr _Tp* std::__addressof(_Tp&) [with _Tp = const pyro::supercap_drv_t::init_impl()::<lambda(const uint8_t*, uint16_t, BaseType_t&)>]	16	static
E:/Develop/arm_gnu/14.3 rel1/arm-none-eabi/include/c++/14.3.1/bits/move.h:71:5:constexpr _Tp&& std::forward(typename remove_reference<_Functor>::type&) [with _Tp = pyro::supercap_drv_t::init_impl()::<lambda(const uint8_t*, uint16_t, BaseType_t&)>&]	16	static
E:/Develop/arm_gnu/14.3 rel1/arm-none-eabi/include/c++/14.3.1/bits/invoke.h:60:5:) [with _Res = bool; _Fn = pyro::supercap_drv_t::init_impl()::<lambda(const uint8_t*, uint16_t, BaseType_t&)>&; _Args = {unsigned char*, short unsigned int, long int&}]	40	static
E:/Develop/arm_gnu/14.3 rel1/arm-none-eabi/include/c++/14.3.1/bits/std_function.h:90:7:_Tp& std::_Any_data::_M_access() [with _Tp = const std::type_info*]	16	static
E:/Develop/arm_gnu/14.3 rel1/arm-none-eabi/include/c++/14.3.1/bits/std_function.h:211:4:static void std::_Function_base::_Base_manager<_Functor>::_M_init_functor(std::_Any_data&, _Fn&&) [with _Fn = const pyro::supercap_drv_t::init_impl()::<lambda(const uint8_t*, uint16_t, BaseType_t&)>&; _Functor = pyro::supercap_drv_t::init_impl()::<lambda(const uint8_t*, uint16_t, BaseType_t&)>]	24	static
E:/Develop/arm_gnu/14.3 rel1/arm-none-eabi/include/c++/14.3.1/bits/std_function.h:166:2:static void std::_Function_base::_Base_manager<_Functor>::_M_destroy(std::_Any_data&, std::true_type) [with _Functor = pyro::supercap_drv_t::init_impl()::<lambda(const uint8_t*, uint16_t, BaseType_t&)>]	16	static
E:/Develop/arm_gnu/14.3 rel1/arm-none-eabi/include/c++/14.3.1/bits/move.h:71:5:constexpr _Tp&& std::forward(typename remove_reference<_Functor>::type&) [with _Tp = const pyro::supercap_drv_t::init_impl()::<lambda(const uint8_t*, uint16_t, BaseType_t&)>&]	16	static
E:/Develop/arm_gnu/14.3 rel1/arm-none-eabi/include/c++/14.3.1/bits/std_function.h:150:4:static void std::_Function_base::_Base_manager<_Functor>::_M_create(std::_Any_data&, _Fn&&, std::true_type) [with _Fn = const pyro::supercap_drv_t::init_impl()::<lambda(const uint8_t*, uint16_t, BaseType_t&)>&; _Functor = pyro::supercap_drv_t::init_impl()::<lambda(const uint8_t*, uint16_t, BaseType_t&)>]	32	static
E:/Develop/arm_gnu/14.3 rel1/arm-none-eabi/include/c++/14.3.1/bits/std_function.h:90:7:_Tp& std::_Any_data::_M_access() [with _Tp = pyro::supercap_drv_t::init_impl()::<lambda(const uint8_t*, uint16_t, BaseType_t&)>]	16	static
