E:/Develop/a_PYRo/PYRo-Hero/CubeMX/Core/Src/usart.c:40:6:MX_UART5_Init	8	static
E:/Develop/a_PYRo/PYRo-Hero/CubeMX/Core/Src/usart.c:83:6:MX_UART7_Init	8	static
E:/Develop/a_PYRo/PYRo-Hero/CubeMX/Core/Src/usart.c:127:6:MX_USART1_UART_Init	8	static
E:/Develop/a_PYRo/PYRo-Hero/CubeMX/Core/Src/usart.c:171:6:MX_USART10_UART_Init	8	static
E:/Develop/a_PYRo/PYRo-Hero/CubeMX/Core/Src/usart.c:214:6:HAL_UART_MspInit	264	static
E:/Develop/a_PYRo/PYRo-Hero/CubeMX/Core/Src/usart.c:514:6:HAL_UART_MspDeInit	16	static
