E:/Develop/arm_gnu/14.3 rel1/arm-none-eabi/include/c++/14.3.1/new:179:33:void* operator new(std::size_t, void*)	16	static
E:/Develop/arm_gnu/14.3 rel1/arm-none-eabi/include/c++/14.3.1/bits/stl_vector.h:135:14:std::_Vector_base<pyro::can_tx_drv_t::frame_node_t, std::allocator<pyro::can_tx_drv_t::frame_node_t> >::_Vector_impl::~_Vector_impl()	24	static
E:/Develop/arm_gnu/14.3 rel1/arm-none-eabi/include/c++/14.3.1/bits/stl_vector.h:317:7:std::_Vector_base<_Tp, _Alloc>::_Vector_base() [with _Tp = pyro::can_tx_drv_t::frame_node_t; _Alloc = std::allocator<pyro::can_tx_drv_t::frame_node_t>]	16	static
E:/Develop/arm_gnu/14.3 rel1/arm-none-eabi/include/c++/14.3.1/bits/stl_vector.h:534:7:std::vector<_Tp, _Alloc>::vector() [with _Tp = pyro::can_tx_drv_t::frame_node_t; _Alloc = std::allocator<pyro::can_tx_drv_t::frame_node_t>]	16	static
E:/Develop/a_PYRo/PYRo-Hero/PYRo/Communication/pyro_com_cantx.cpp:7:1:pyro::can_tx_drv_t::can_tx_drv_t()	16	static
E:/Develop/a_PYRo/PYRo-Hero/PYRo/Communication/pyro_com_cantx.cpp:8:1:pyro::can_tx_drv_t::~can_tx_drv_t()	16	static
E:/Develop/a_PYRo/PYRo-Hero/PYRo/Communication/pyro_com_cantx.cpp:10:15:static pyro::can_tx_drv_t* pyro::can_tx_drv_t::instance()	8	static
E:/Develop/a_PYRo/PYRo-Hero/PYRo/Communication/pyro_com_cantx.cpp:17:29:pyro::can_tx_drv_t::frame_node_t* pyro::can_tx_drv_t::get_frame(uint32_t)	48	static
E:/Develop/a_PYRo/PYRo-Hero/PYRo/Communication/pyro_com_cantx.cpp:34:6:static void pyro::can_tx_drv_t::clear(uint32_t)	24	static
E:/Develop/a_PYRo/PYRo-Hero/PYRo/Communication/pyro_com_cantx.cpp:44:6:static void pyro::can_tx_drv_t::add_data_raw(uint32_t, uint8_t, const void*)	104	static
E:/Develop/a_PYRo/PYRo-Hero/PYRo/Communication/pyro_com_cantx.cpp:69:6:static void pyro::can_tx_drv_t::send(uint32_t, pyro::can_drv_t*)	32	static
E:/Develop/arm_gnu/14.3 rel1/arm-none-eabi/include/c++/14.3.1/bits/stl_vector.h:139:2:std::_Vector_base<_Tp, _Alloc>::_Vector_impl::_Vector_impl() [with _Tp = pyro::can_tx_drv_t::frame_node_t; _Alloc = std::allocator<pyro::can_tx_drv_t::frame_node_t>]	24	static
E:/Develop/arm_gnu/14.3 rel1/arm-none-eabi/include/c++/14.3.1/bits/stl_vector.h:369:7:std::_Vector_base<_Tp, _Alloc>::~_Vector_base() [with _Tp = pyro::can_tx_drv_t::frame_node_t; _Alloc = std::allocator<pyro::can_tx_drv_t::frame_node_t>]	16	static
E:/Develop/arm_gnu/14.3 rel1/arm-none-eabi/include/c++/14.3.1/bits/stl_vector.h:746:7:std::vector<_Tp, _Alloc>::~vector() [with _Tp = pyro::can_tx_drv_t::frame_node_t; _Alloc = std::allocator<pyro::can_tx_drv_t::frame_node_t>]	40	static
E:/Develop/arm_gnu/14.3 rel1/arm-none-eabi/include/c++/14.3.1/bits/stl_vector.h:886:7:std::vector<_Tp, _Alloc>::iterator std::vector<_Tp, _Alloc>::begin() [with _Tp = pyro::can_tx_drv_t::frame_node_t; _Alloc = std::allocator<pyro::can_tx_drv_t::frame_node_t>]	24	static
E:/Develop/arm_gnu/14.3 rel1/arm-none-eabi/include/c++/14.3.1/bits/stl_vector.h:906:7:std::vector<_Tp, _Alloc>::iterator std::vector<_Tp, _Alloc>::end() [with _Tp = pyro::can_tx_drv_t::frame_node_t; _Alloc = std::allocator<pyro::can_tx_drv_t::frame_node_t>]	24	static
E:/Develop/arm_gnu/14.3 rel1/arm-none-eabi/include/c++/14.3.1/bits/stl_iterator.h:1232:5:bool __gnu_cxx::operator!=(const __normal_iterator<_Iterator, _Container>&, const __normal_iterator<_Iterator, _Container>&) [with _Iterator = pyro::can_tx_drv_t::frame_node_t*; _Container = std::vector<pyro::can_tx_drv_t::frame_node_t>]	24	static
E:/Develop/arm_gnu/14.3 rel1/arm-none-eabi/include/c++/14.3.1/bits/stl_iterator.h:1100:7:__gnu_cxx::__normal_iterator<_Iterator, _Container>& __gnu_cxx::__normal_iterator<_Iterator, _Container>::operator++() [with _Iterator = pyro::can_tx_drv_t::frame_node_t*; _Container = std::vector<pyro::can_tx_drv_t::frame_node_t>]	16	static
E:/Develop/arm_gnu/14.3 rel1/arm-none-eabi/include/c++/14.3.1/bits/stl_iterator.h:1090:7:__gnu_cxx::__normal_iterator<_Iterator, _Container>::reference __gnu_cxx::__normal_iterator<_Iterator, _Container>::operator*() const [with _Iterator = pyro::can_tx_drv_t::frame_node_t*; _Container = std::vector<pyro::can_tx_drv_t::frame_node_t>]	16	static
E:/Develop/arm_gnu/14.3 rel1/arm-none-eabi/include/c++/14.3.1/bits/stl_vector.h:1296:7:void std::vector<_Tp, _Alloc>::push_back(const value_type&) [with _Tp = pyro::can_tx_drv_t::frame_node_t; _Alloc = std::allocator<pyro::can_tx_drv_t::frame_node_t>]	48	static
E:/Develop/arm_gnu/14.3 rel1/arm-none-eabi/include/c++/14.3.1/bits/stl_vector.h:1248:7:std::vector<_Tp, _Alloc>::reference std::vector<_Tp, _Alloc>::back() [with _Tp = pyro::can_tx_drv_t::frame_node_t; _Alloc = std::allocator<pyro::can_tx_drv_t::frame_node_t>]	24	static
E:/Develop/arm_gnu/14.3 rel1/arm-none-eabi/include/c++/14.3.1/bits/stl_vector.h:101:2:std::_Vector_base<_Tp, _Alloc>::_Vector_impl_data::_Vector_impl_data() [with _Tp = pyro::can_tx_drv_t::frame_node_t; _Alloc = std::allocator<pyro::can_tx_drv_t::frame_node_t>]	16	static
E:/Develop/arm_gnu/14.3 rel1/arm-none-eabi/include/c++/14.3.1/bits/new_allocator.h:104:7:std::__new_allocator<_Tp>::~__new_allocator() [with _Tp = pyro::can_tx_drv_t::frame_node_t]	16	static
E:/Develop/arm_gnu/14.3 rel1/arm-none-eabi/include/c++/14.3.1/bits/stl_vector.h:388:7:void std::_Vector_base<_Tp, _Alloc>::_M_deallocate(pointer, std::size_t) [with _Tp = pyro::can_tx_drv_t::frame_node_t; _Alloc = std::allocator<pyro::can_tx_drv_t::frame_node_t>]	40	static
E:/Develop/arm_gnu/14.3 rel1/arm-none-eabi/include/c++/14.3.1/bits/stl_vector.h:303:7:std::_Vector_base<_Tp, _Alloc>::_Tp_alloc_type& std::_Vector_base<_Tp, _Alloc>::_M_get_Tp_allocator() [with _Tp = pyro::can_tx_drv_t::frame_node_t; _Alloc = std::allocator<pyro::can_tx_drv_t::frame_node_t>]	16	static
E:/Develop/arm_gnu/14.3 rel1/arm-none-eabi/include/c++/14.3.1/bits/stl_iterator.h:1067:7:__gnu_cxx::__normal_iterator<_Iterator, _Container>::__normal_iterator(const _Iterator&) [with _Iterator = pyro::can_tx_drv_t::frame_node_t*; _Container = std::vector<pyro::can_tx_drv_t::frame_node_t>]	16	static
E:/Develop/arm_gnu/14.3 rel1/arm-none-eabi/include/c++/14.3.1/bits/stl_iterator.h:1153:7:const _Iterator& __gnu_cxx::__normal_iterator<_Iterator, _Container>::base() const [with _Iterator = pyro::can_tx_drv_t::frame_node_t*; _Container = std::vector<pyro::can_tx_drv_t::frame_node_t>]	16	static
E:/Develop/arm_gnu/14.3 rel1/arm-none-eabi/include/c++/14.3.1/bits/vector.tcc:607:2:)::_Guard::_Guard(std::vector<_Tp, _Alloc>::pointer, std::vector<_Tp, _Alloc>::size_type, std::vector<_Tp, _Alloc>::_Tp_alloc_type&) [with _Args = {const pyro::can_tx_drv_t::frame_node_t&}; _Tp = pyro::can_tx_drv_t::frame_node_t; _Alloc = std::allocator<pyro::can_tx_drv_t::frame_node_t>]	24	static
E:/Develop/arm_gnu/14.3 rel1/arm-none-eabi/include/c++/14.3.1/bits/vector.tcc:612:2:)::_Guard::~_Guard() [with _Args = {const pyro::can_tx_drv_t::frame_node_t&}; _Tp = pyro::can_tx_drv_t::frame_node_t; _Alloc = std::allocator<pyro::can_tx_drv_t::frame_node_t>]	32	static
E:/Develop/arm_gnu/14.3 rel1/arm-none-eabi/include/c++/14.3.1/bits/vector.tcc:581:7:) [with _Args = {const pyro::can_tx_drv_t::frame_node_t&}; _Tp = pyro::can_tx_drv_t::frame_node_t; _Alloc = std::allocator<pyro::can_tx_drv_t::frame_node_t>]	96	static
E:/Develop/arm_gnu/14.3 rel1/arm-none-eabi/include/c++/14.3.1/bits/stl_iterator.h:1148:7:__gnu_cxx::__normal_iterator<_Iterator, _Container> __gnu_cxx::__normal_iterator<_Iterator, _Container>::operator-(difference_type) const [with _Iterator = pyro::can_tx_drv_t::frame_node_t*; _Container = std::vector<pyro::can_tx_drv_t::frame_node_t>]	24	static
E:/Develop/arm_gnu/14.3 rel1/arm-none-eabi/include/c++/14.3.1/bits/stl_construct.h:182:5:void std::_Destroy(_ForwardIterator, _ForwardIterator) [with _ForwardIterator = pyro::can_tx_drv_t::frame_node_t*]	16	static
E:/Develop/arm_gnu/14.3 rel1/arm-none-eabi/include/c++/14.3.1/bits/move.h:71:5:constexpr _Tp&& std::forward(typename remove_reference<_Functor>::type&) [with _Tp = const pyro::can_tx_drv_t::frame_node_t&]	16	static
E:/Develop/arm_gnu/14.3 rel1/arm-none-eabi/include/c++/14.3.1/bits/stl_vector.h:1927:7:std::vector<_Tp, _Alloc>::size_type std::vector<_Tp, _Alloc>::_M_check_len(size_type, const char*) const [with _Tp = pyro::can_tx_drv_t::frame_node_t; _Alloc = std::allocator<pyro::can_tx_drv_t::frame_node_t>]	40	static
E:/Develop/arm_gnu/14.3 rel1/arm-none-eabi/include/c++/14.3.1/bits/stl_iterator.h:1325:5:typename __gnu_cxx::__normal_iterator<_Iterator, _Container>::difference_type __gnu_cxx::operator-(const __normal_iterator<_Iterator, _Container>&, const __normal_iterator<_Iterator, _Container>&) [with _Iterator = pyro::can_tx_drv_t::frame_node_t*; _Container = std::vector<pyro::can_tx_drv_t::frame_node_t>]	24	static
E:/Develop/arm_gnu/14.3 rel1/arm-none-eabi/include/c++/14.3.1/bits/stl_vector.h:380:7:std::_Vector_base<_Tp, _Alloc>::pointer std::_Vector_base<_Tp, _Alloc>::_M_allocate(std::size_t) [with _Tp = pyro::can_tx_drv_t::frame_node_t; _Alloc = std::allocator<pyro::can_tx_drv_t::frame_node_t>]	24	static
E:/Develop/arm_gnu/14.3 rel1/arm-none-eabi/include/c++/14.3.1/bits/ptr_traits.h:205:5:constexpr _Tp* std::__to_address(_Tp*) [with _Tp = pyro::can_tx_drv_t::frame_node_t]	16	static
E:/Develop/arm_gnu/14.3 rel1/arm-none-eabi/include/c++/14.3.1/bits/stl_vector.h:507:7:static std::vector<_Tp, _Alloc>::pointer std::vector<_Tp, _Alloc>::_S_relocate(pointer, pointer, pointer, _Tp_alloc_type&) [with _Tp = pyro::can_tx_drv_t::frame_node_t; _Alloc = std::allocator<pyro::can_tx_drv_t::frame_node_t>]	24	static
E:/Develop/arm_gnu/14.3 rel1/arm-none-eabi/include/c++/14.3.1/bits/new_allocator.h:156:7:void std::__new_allocator<_Tp>::deallocate(_Tp*, size_type) [with _Tp = pyro::can_tx_drv_t::frame_node_t]	24	static
E:/Develop/arm_gnu/14.3 rel1/arm-none-eabi/include/c++/14.3.1/bits/stl_construct.h:172:9:static void std::_Destroy_aux<true>::__destroy(_ForwardIterator, _ForwardIterator) [with _ForwardIterator = pyro::can_tx_drv_t::frame_node_t*]	16	static
E:/Develop/arm_gnu/14.3 rel1/arm-none-eabi/include/c++/14.3.1/bits/stl_vector.h:1011:7:std::vector<_Tp, _Alloc>::size_type std::vector<_Tp, _Alloc>::max_size() const [with _Tp = pyro::can_tx_drv_t::frame_node_t; _Alloc = std::allocator<pyro::can_tx_drv_t::frame_node_t>]	16	static
E:/Develop/arm_gnu/14.3 rel1/arm-none-eabi/include/c++/14.3.1/bits/stl_vector.h:1005:7:std::vector<_Tp, _Alloc>::size_type std::vector<_Tp, _Alloc>::size() const [with _Tp = pyro::can_tx_drv_t::frame_node_t; _Alloc = std::allocator<pyro::can_tx_drv_t::frame_node_t>]	16	static
E:/Develop/arm_gnu/14.3 rel1/arm-none-eabi/include/c++/14.3.1/bits/stl_algobase.h:257:5:constexpr const _Tp& std::max(const _Tp&, const _Tp&) [with _Tp = unsigned int]	16	static
E:/Develop/arm_gnu/14.3 rel1/arm-none-eabi/include/c++/14.3.1/bits/stl_uninitialized.h:1139:5:_ForwardIterator std::__relocate_a(_InputIterator, _InputIterator, _ForwardIterator, _Allocator&) [with _InputIterator = pyro::can_tx_drv_t::frame_node_t*; _ForwardIterator = pyro::can_tx_drv_t::frame_node_t*; _Allocator = allocator<pyro::can_tx_drv_t::frame_node_t>]	32	static
E:/Develop/arm_gnu/14.3 rel1/arm-none-eabi/include/c++/14.3.1/bits/stl_vector.h:1947:7:static std::vector<_Tp, _Alloc>::size_type std::vector<_Tp, _Alloc>::_S_max_size(const _Tp_alloc_type&) [with _Tp = pyro::can_tx_drv_t::frame_node_t; _Alloc = std::allocator<pyro::can_tx_drv_t::frame_node_t>]	40	static
E:/Develop/arm_gnu/14.3 rel1/arm-none-eabi/include/c++/14.3.1/bits/stl_vector.h:308:7:const std::_Vector_base<_Tp, _Alloc>::_Tp_alloc_type& std::_Vector_base<_Tp, _Alloc>::_M_get_Tp_allocator() const [with _Tp = pyro::can_tx_drv_t::frame_node_t; _Alloc = std::allocator<pyro::can_tx_drv_t::frame_node_t>]	16	static
E:/Develop/arm_gnu/14.3 rel1/arm-none-eabi/include/c++/14.3.1/bits/new_allocator.h:126:7:_Tp* std::__new_allocator<_Tp>::allocate(size_type, const void*) [with _Tp = pyro::can_tx_drv_t::frame_node_t]	32	static
E:/Develop/arm_gnu/14.3 rel1/arm-none-eabi/include/c++/14.3.1/bits/stl_algobase.h:316:5:_Iterator std::__niter_base(_Iterator) [with _Iterator = pyro::can_tx_drv_t::frame_node_t*]	16	static
E:/Develop/arm_gnu/14.3 rel1/arm-none-eabi/include/c++/14.3.1/bits/stl_uninitialized.h:1112:5:std::__enable_if_t<((bool)std::__is_bitwise_relocatable<_Tp>::value), _Tp*> std::__relocate_a_1(_Tp*, _Tp*, _Tp*, allocator<_T2>&) [with _Tp = pyro::can_tx_drv_t::frame_node_t; _Up = pyro::can_tx_drv_t::frame_node_t]	32	static
E:/Develop/arm_gnu/14.3 rel1/arm-none-eabi/include/c++/14.3.1/bits/stl_algobase.h:233:5:constexpr const _Tp& std::min(const _Tp&, const _Tp&) [with _Tp = unsigned int]	16	static
